Archive member included to satisfy reference by file (symbol)

C:/msys2/opt/devkitpro/libnx/lib\libnx.a(hid.o)
                              main.o (hidInitialize)
C:/msys2/opt/devkitpro/libnx/lib\libnx.a(vi.o)
                              main.o (viInitialize)
C:/msys2/opt/devkitpro/libnx/lib\libnx.a(hiddbg.o)
                              main.o (hiddbgInitialize)
C:/msys2/opt/devkitpro/libnx/lib\libnx.a(fatal.o)
                              main.o (fatalThrow)
C:/msys2/opt/devkitpro/libnx/lib\libnx.a(set.o)
                              main.o (setsysInitialize)
C:/msys2/opt/devkitpro/libnx/lib\libnx.a(sm.o)
                              main.o (smExit)
C:/msys2/opt/devkitpro/libnx/lib\libnx.a(fs.o)
                              main.o (fsInitialize)
C:/msys2/opt/devkitpro/libnx/lib\libnx.a(hosversion.o)
                              C:/msys2/opt/devkitpro/libnx/lib\libnx.a(hid.o) (hosversionGet)
C:/msys2/opt/devkitpro/libnx/lib\libnx.a(fs_dev.o)
                              main.o (fsdevMountSdmc)
C:/msys2/opt/devkitpro/libnx/lib\libnx.a(decode_utf8.o)
                              C:/msys2/opt/devkitpro/libnx/lib\libnx.a(fs_dev.o) (decode_utf8)
C:/msys2/opt/devkitpro/libnx/lib\libnx.a(svc.o)
                              C:/msys2/opt/devkitpro/libnx/lib\libnx.a(fatal.o) (svcExitProcess)
C:/msys2/opt/devkitpro/libnx/lib\libnx.a(readtp.o)
                              C:/msys2/opt/devkitpro/libnx/lib\libnx.a(fs.o) (__aarch64_read_tp)
C:/msys2/opt/devkitpro/libnx/lib\libnx.a(switch_crt0.o)
                              (_start)
C:/msys2/opt/devkitpro/libnx/lib\libnx.a(detect.o)
                              C:/msys2/opt/devkitpro/libnx/lib\libnx.a(fatal.o) (detectKernelVersion)
C:/msys2/opt/devkitpro/libnx/lib\libnx.a(shmem.o)
                              C:/msys2/opt/devkitpro/libnx/lib\libnx.a(hid.o) (shmemLoadRemote)
C:/msys2/opt/devkitpro/libnx/lib\libnx.a(rwlock.o)
                              C:/msys2/opt/devkitpro/libnx/lib\libnx.a(hid.o) (rwlockReadLock)
C:/msys2/opt/devkitpro/libnx/lib\libnx.a(tmem.o)
                              C:/msys2/opt/devkitpro/libnx/lib\libnx.a(hiddbg.o) (tmemCreate)
C:/msys2/opt/devkitpro/libnx/lib\libnx.a(mutex.o)
                              C:/msys2/opt/devkitpro/libnx/lib\libnx.a(hid.o) (mutexLock)
C:/msys2/opt/devkitpro/libnx/lib\libnx.a(virtmem.o)
                              C:/msys2/opt/devkitpro/libnx/lib\libnx.a(shmem.o) (virtmemReserve)
C:/msys2/opt/devkitpro/libnx/lib\libnx.a(event.o)
                              C:/msys2/opt/devkitpro/libnx/lib\libnx.a(hid.o) (eventLoadRemote)
C:/msys2/opt/devkitpro/libnx/lib\libnx.a(condvar.o)
                              C:/msys2/opt/devkitpro/libnx/lib\libnx.a(rwlock.o) (condvarWaitTimeout)
C:/msys2/opt/devkitpro/libnx/lib\libnx.a(sessionmgr.o)
                              C:/msys2/opt/devkitpro/libnx/lib\libnx.a(fs.o) (sessionmgrCreate)
C:/msys2/opt/devkitpro/libnx/lib\libnx.a(applet.o)
                              C:/msys2/opt/devkitpro/libnx/lib\libnx.a(vi.o) (appletCreateManagedDisplayLayer)
C:/msys2/opt/devkitpro/libnx/lib\libnx.a(time.o)
                              C:/msys2/opt/devkitpro/libnx/lib\libnx.a(fs_dev.o) (timeToPosixTimeWithMyRule)
C:/msys2/opt/devkitpro/libnx/lib\libnx.a(apm.o)
                              C:/msys2/opt/devkitpro/libnx/lib\libnx.a(applet.o) (apmInitialize)
C:/msys2/opt/devkitpro/libnx/lib\libnx.a(dynamic.o)
                              C:/msys2/opt/devkitpro/libnx/lib\libnx.a(switch_crt0.o) (__nx_dynamic)
C:/msys2/opt/devkitpro/libnx/lib\libnx.a(init.o)
                              C:/msys2/opt/devkitpro/libnx/lib\libnx.a(switch_crt0.o) (__libnx_init)
C:/msys2/opt/devkitpro/libnx/lib\libnx.a(env.o)
                              C:/msys2/opt/devkitpro/libnx/lib\libnx.a(init.o) (envSetup)
C:/msys2/opt/devkitpro/libnx/lib\libnx.a(newlib.o)
                              C:/msys2/opt/devkitpro/libnx/lib\libnx.a(init.o) (__libnx_init_time)
C:/msys2/opt/devkitpro/libnx/lib\libnx.a(argv.o)
                              C:/msys2/opt/devkitpro/libnx/lib\libnx.a(init.o) (argvSetup)
C:/msys2/opt/devkitpro/libnx/lib\libnx.a(path_buf.o)
                              C:/msys2/opt/devkitpro/libnx/lib\libnx.a(fs_dev.o) (__nx_dev_path_buf)
C:/msys2/opt/devkitpro/libnx/lib\libnx.a(exception.o)
                              C:/msys2/opt/devkitpro/libnx/lib\libnx.a(switch_crt0.o) (__libnx_exception_entry)
C:/msys2/opt/devkitpro/libnx/lib\libnx.a(wait.o)
                              C:/msys2/opt/devkitpro/libnx/lib\libnx.a(event.o) (waitObjects)
C:/msys2/opt/devkitpro/libnx/lib\libnx.a(thread.o)
                              C:/msys2/opt/devkitpro/libnx/lib\libnx.a(newlib.o) (threadCreate)
C:/msys2/opt/devkitpro/libnx/lib\libnx.a(nxlink.o)
                              C:/msys2/opt/devkitpro/libnx/lib\libnx.a(argv.o) (nxlinkSetup)
c:/msys2/opt/devkitpro/devkita64/bin/../lib/gcc/aarch64-none-elf/9.2.0/../../../../aarch64-none-elf/lib/pic\libg.a(lib_a-bsearch.o)
[...]
Memory Configuration

Name             Origin             Length             Attributes
*default*        0x0000000000000000 0xffffffffffffffff

Linker script and memory map

                0x0000000000000000                PROVIDE (__start__ = 0x0)
                0x0000000000000000                . = __start__
                0x0000000000000000                __code_start = .

.crt0           0x0000000000000000      0x158
 *(.crt0)
 .crt0          0x0000000000000000      0x158 C:/msys2/opt/devkitpro/libnx/lib\libnx.a(switch_crt0.o)
                0x0000000000000000                _start
                0x0000000000000120                __nx_exit
                0x0000000000000130                __nx_mod0
                0x0000000000000158                . = ALIGN (0x8)

.init           0x0000000000000158       0x38
 *(.init)
 .init          0x0000000000000158       0x18 c:/msys2/opt/devkitpro/devkita64/bin/../lib/gcc/aarch64-none-elf/9.2.0/pic/crti.o
                0x0000000000000158                _init
 .init          0x0000000000000170       0x1c c:/msys2/opt/devkitpro/devkita64/bin/../lib/gcc/aarch64-none-elf/9.2.0/pic/crtn.o
                0x0000000000000190                . = ALIGN (0x8)
 *fill*         0x000000000000018c        0x4 

.plt            0x0000000000000190        0x0
 *(.plt)
 .plt           0x0000000000000190        0x0 c:/msys2/opt/devkitpro/devkita64/bin/../lib/gcc/aarch64-none-elf/9.2.0/pic/crti.o
 *(.iplt)
                0x0000000000000190                . = ALIGN (0x8)

.text           0x00000000000001c0     0x9680
 *(.text.unlikely .text.*_unlikely .text.unlikely.*)
 *(.text.exit .text.exit.*)
 .text.exit     0x00000000000001c0       0x38 c:/msys2/opt/devkitpro/devkita64/bin/../lib/gcc/aarch64-none-elf/9.2.0/../../../../aarch64-none-elf/lib/pic\libg.a(lib_a-exit.o)
                0x00000000000001c0                exit
 *(.text.startup .text.startup.*)
 *fill*         0x00000000000001f8        0x8 
 .text.startup.main
                0x0000000000000200        0x8 main.o
                0x0000000000000200                main
 *(.text.hot .text.hot.*)
 *(.text .stub .text.* .gnu.linkonce.t.*)
 .text.deregister_tm_clones
                0x0000000000000208       0x30 c:/msys2/opt/devkitpro/devkita64/bin/../lib/gcc/aarch64-none-elf/9.2.0/pic/crtbegin.o
 .text.register_tm_clones
                0x0000000000000238       0x40 c:/msys2/opt/devkitpro/devkita64/bin/../lib/gcc/aarch64-none-elf/9.2.0/pic/crtbegin.o
 .text.__do_global_dtors_aux
                0x0000000000000278       0x48 c:/msys2/opt/devkitpro/devkita64/bin/../lib/gcc/aarch64-none-elf/9.2.0/pic/crtbegin.o
 .text.frame_dummy
                0x00000000000002c0       0x34 c:/msys2/opt/devkitpro/devkita64/bin/../lib/gcc/aarch64-none-elf/9.2.0/pic/crtbegin.o
 *fill*         0x00000000000002f4        0xc 
 .text.__libnx_initheap
                0x0000000000000300       0x30 main.o
                0x0000000000000300                __libnx_initheap
 .text.__appInit
                0x0000000000000330       0x9c main.o
                0x0000000000000330                __appInit
 *fill*         0x00000000000003cc        0x4 
 .text.__appExit
                0x00000000000003d0       0x1c main.o
                0x00000000000003d0                __appExit
 *fill*         0x00000000000003ec        0x4 
 .text._hidCmdWithNoInput
                0x00000000000003f0       0xec C:/msys2/opt/devkitpro/libnx/lib\libnx.a(hid.o)
 *fill*         0x00000000000004dc        0x4 
 .text._hidCmdWithInputU32
                0x00000000000004e0      0x104 C:/msys2/opt/devkitpro/libnx/lib\libnx.a(hid.o)
 *fill*         0x00000000000005e4        0xc 
 .text._hidCreateAppletResource.constprop.0
                0x00000000000005f0       0xf8 C:/msys2/opt/devkitpro/libnx/lib\libnx.a(hid.o)
 *fill*         0x00000000000006e8        0x8 
 .text._hidCmdGetHandle.isra.0.constprop.0
                0x00000000000006f0       0xc4 C:/msys2/opt/devkitpro/libnx/lib\libnx.a(hid.o)
 *fill*         0x00000000000007b4        0xc 
 .text._hidCmdWithInputU64.constprop.0
                0x00000000000007c0       0xf4 C:/msys2/opt/devkitpro/libnx/lib\libnx.a(hid.o)
 *fill*         0x00000000000008b4        0xc 
 .text.hidReset
                0x00000000000008c0      0x1f8 C:/msys2/opt/devkitpro/libnx/lib\libnx.a(hid.o)
                0x00000000000008c0                hidReset
 *fill*         0x0000000000000ab8        0x8 
 .text.hidSetSupportedNpadStyleSet
                0x0000000000000ac0        0x8 C:/msys2/opt/devkitpro/libnx/lib\libnx.a(hid.o)
                0x0000000000000ac0                hidSetSupportedNpadStyleSet
 *fill*         0x0000000000000ac8        0x8 
 .text.hidSetSupportedNpadIdType
                0x0000000000000ad0      0x190 C:/msys2/opt/devkitpro/libnx/lib\libnx.a(hid.o)
                0x0000000000000ad0                hidSetSupportedNpadIdType
 .text.hidSetNpadJoyHoldType
                0x0000000000000c60        0x8 C:/msys2/opt/devkitpro/libnx/lib\libnx.a(hid.o)
                0x0000000000000c60                hidSetNpadJoyHoldType
 *fill*         0x0000000000000c68        0x8 
 .text.hidSetNpadJoyAssignmentModeDual
                0x0000000000000c70       0x20 C:/msys2/opt/devkitpro/libnx/lib\libnx.a(hid.o)
                0x0000000000000c70                hidSetNpadJoyAssignmentModeDual
 .text.hidFinalizeSevenSixAxisSensor
                0x0000000000000c90       0x80 C:/msys2/opt/devkitpro/libnx/lib\libnx.a(hid.o)
                0x0000000000000c90                hidFinalizeSevenSixAxisSensor
 .text._hidCleanup
                0x0000000000000d10      0x100 C:/msys2/opt/devkitpro/libnx/lib\libnx.a(hid.o)
 .text.hidInitialize
                0x0000000000000e10      0x1d8 C:/msys2/opt/devkitpro/libnx/lib\libnx.a(hid.o)
                0x0000000000000e10                hidInitialize
 *fill*         0x0000000000000fe8        0x8 
 .text.hidExit  0x0000000000000ff0       0x44 C:/msys2/opt/devkitpro/libnx/lib\libnx.a(hid.o)
                0x0000000000000ff0                hidExit
 *fill*         0x0000000000001034        0xc 
 .text._viCleanup
                0x0000000000001040      0x1dc C:/msys2/opt/devkitpro/libnx/lib\libnx.a(vi.o)
 *fill*         0x000000000000121c        0x4 
 .text._viCmdGetSessionNoParams.constprop.0
                0x0000000000001220       0xe4 C:/msys2/opt/devkitpro/libnx/lib\libnx.a(vi.o)
 *fill*         0x0000000000001304        0xc 
 .text._viCmdGetSession.constprop.0
                0x0000000000001310       0xe0 C:/msys2/opt/devkitpro/libnx/lib\libnx.a(vi.o)
 .text.viInitialize
                0x00000000000013f0      0x260 C:/msys2/opt/devkitpro/libnx/lib\libnx.a(vi.o)
                0x00000000000013f0                viInitialize
 .text._hiddbgCleanup
                0x0000000000001650       0x68 C:/msys2/opt/devkitpro/libnx/lib\libnx.a(hiddbg.o)
 *fill*         0x00000000000016b8        0x8 
 .text.hiddbgInitialize
                0x00000000000016c0       0xa0 C:/msys2/opt/devkitpro/libnx/lib\libnx.a(hiddbg.o)
                0x00000000000016c0                hiddbgInitialize
 .text._fatalCmd
                0x0000000000001760      0x1a0 C:/msys2/opt/devkitpro/libnx/lib\libnx.a(fatal.o)
 .text.fatalThrowWithPolicy
                0x0000000000001900        0xc C:/msys2/opt/devkitpro/libnx/lib\libnx.a(fatal.o)
                0x0000000000001900                fatalThrowWithPolicy
 *fill*         0x000000000000190c        0x4 
 .text.fatalThrow
                0x0000000000001910       0x14 C:/msys2/opt/devkitpro/libnx/lib\libnx.a(fatal.o)
                0x0000000000001910                fatalThrow
                0x0000000000001910                fatalSimple
 *fill*         0x0000000000001924        0xc 
 .text._setsysGetFirmwareVersionImpl
                0x0000000000001930       0xd0 C:/msys2/opt/devkitpro/libnx/lib\libnx.a(set.o)
 .text._setsysCleanup
                0x0000000000001a00       0x68 C:/msys2/opt/devkitpro/libnx/lib\libnx.a(set.o)
 *fill*         0x0000000000001a68        0x8 
 .text.setsysInitialize
                0x0000000000001a70       0xa0 C:/msys2/opt/devkitpro/libnx/lib\libnx.a(set.o)
                0x0000000000001a70                setsysInitialize
 .text.setsysExit
                0x0000000000001b10       0x44 C:/msys2/opt/devkitpro/libnx/lib\libnx.a(set.o)
                0x0000000000001b10                setsysExit
 *fill*         0x0000000000001b54        0xc 
 .text.setsysGetFirmwareVersion
                0x0000000000001b60       0x44 C:/msys2/opt/devkitpro/libnx/lib\libnx.a(set.o)
                0x0000000000001b60                setsysGetFirmwareVersion
 *fill*         0x0000000000001ba4        0xc 
 .text._smCleanup
                0x0000000000001bb0       0x68 C:/msys2/opt/devkitpro/libnx/lib\libnx.a(sm.o)
 *fill*         0x0000000000001c18        0x8 
 .text.smAddOverrideHandle
                0x0000000000001c20       0x48 C:/msys2/opt/devkitpro/libnx/lib\libnx.a(sm.o)
                0x0000000000001c20                smAddOverrideHandle
 *fill*         0x0000000000001c68        0x8 
 .text.smGetServiceOverride
                0x0000000000001c70       0x54 C:/msys2/opt/devkitpro/libnx/lib\libnx.a(sm.o)
                0x0000000000001c70                smGetServiceOverride
 *fill*         0x0000000000001cc4        0xc 
 .text.smExit   0x0000000000001cd0       0x44 C:/msys2/opt/devkitpro/libnx/lib\libnx.a(sm.o)
                0x0000000000001cd0                smExit
 *fill*         0x0000000000001d14        0xc 
 .text.smGetServiceOriginal
                0x0000000000001d20       0xcc C:/msys2/opt/devkitpro/libnx/lib\libnx.a(sm.o)
                0x0000000000001d20                smGetServiceOriginal
 *fill*         0x0000000000001dec        0x4 
 .text.smInitialize
                0x0000000000001df0      0x27c C:/msys2/opt/devkitpro/libnx/lib\libnx.a(sm.o)
                0x0000000000001df0                smInitialize
 *fill*         0x000000000000206c        0x4 
 .text.smGetServiceWrapper
                0x0000000000002070      0x110 C:/msys2/opt/devkitpro/libnx/lib\libnx.a(sm.o)
                0x0000000000002070                smGetServiceWrapper
 .text._fsCleanup
                0x0000000000002180       0xb4 C:/msys2/opt/devkitpro/libnx/lib\libnx.a(fs.o)
 *fill*         0x0000000000002234        0xc 
 .text._fsCmdNoIO
                0x0000000000002240      0x1dc C:/msys2/opt/devkitpro/libnx/lib\libnx.a(fs.o)
 *fill*         0x000000000000241c        0x4 
 .text._fsFsCmdWithInPath
                0x0000000000002420      0x1d4 C:/msys2/opt/devkitpro/libnx/lib\libnx.a(fs.o)
 *fill*         0x00000000000025f4        0xc 
 .text._fsFsCmdWithTwoInPaths
                0x0000000000002600      0x1fc C:/msys2/opt/devkitpro/libnx/lib\libnx.a(fs.o)
 *fill*         0x00000000000027fc        0x4 
 .text._fsFsOpenCommon
                0x0000000000002800      0x22c C:/msys2/opt/devkitpro/libnx/lib\libnx.a(fs.o)
 *fill*         0x0000000000002a2c        0x4 
 .text._fsFsCmdWithInPathAndOutU64
                0x0000000000002a30      0x1f0 C:/msys2/opt/devkitpro/libnx/lib\libnx.a(fs.o)
 .text._fsObjectClose
                0x0000000000002c20       0xf4 C:/msys2/opt/devkitpro/libnx/lib\libnx.a(fs.o)
 *fill*         0x0000000000002d14        0xc 
 .text._fsCmdGetSession.constprop.0
                0x0000000000002d20      0x16c C:/msys2/opt/devkitpro/libnx/lib\libnx.a(fs.o)
 *fill*         0x0000000000002e8c        0x4 
 .text.fsInitialize
                0x0000000000002e90      0x30c C:/msys2/opt/devkitpro/libnx/lib\libnx.a(fs.o)
                0x0000000000002e90                fsInitialize
 *fill*         0x000000000000319c        0x4 
 .text.fsExit   0x00000000000031a0       0x44 C:/msys2/opt/devkitpro/libnx/lib\libnx.a(fs.o)
                0x00000000000031a0                fsExit
 *fill*         0x00000000000031e4        0xc 
 .text.fsOpenSdCardFileSystem
                0x00000000000031f0        0x8 C:/msys2/opt/devkitpro/libnx/lib\libnx.a(fs.o)
                0x00000000000031f0                fsOpenSdCardFileSystem
 *fill*         0x00000000000031f8        0x8 
 .text.fsFsCreateFile
                0x0000000000003200      0x1e4 C:/msys2/opt/devkitpro/libnx/lib\libnx.a(fs.o)
                0x0000000000003200                fsFsCreateFile
 *fill*         0x00000000000033e4        0xc 
 .text.fsFsDeleteFile
                0x00000000000033f0        0x8 C:/msys2/opt/devkitpro/libnx/lib\libnx.a(fs.o)
                0x00000000000033f0                fsFsDeleteFile
 *fill*         0x00000000000033f8        0x8 
 .text.fsFsCreateDirectory
                0x0000000000003400        0x8 C:/msys2/opt/devkitpro/libnx/lib\libnx.a(fs.o)
                0x0000000000003400                fsFsCreateDirectory
 *fill*         0x0000000000003408        0x8 
 .text.fsFsDeleteDirectory
                0x0000000000003410        0x8 C:/msys2/opt/devkitpro/libnx/lib\libnx.a(fs.o)
                0x0000000000003410                fsFsDeleteDirectory
 *fill*         0x0000000000003418        0x8 
 .text.fsFsRenameFile
                0x0000000000003420        0x8 C:/msys2/opt/devkitpro/libnx/lib\libnx.a(fs.o)
                0x0000000000003420                fsFsRenameFile
 *fill*         0x0000000000003428        0x8 
 .text.fsFsRenameDirectory
                0x0000000000003430        0x8 C:/msys2/opt/devkitpro/libnx/lib\libnx.a(fs.o)
                0x0000000000003430                fsFsRenameDirectory
 *fill*         0x0000000000003438        0x8 
 .text.fsFsGetEntryType
                0x0000000000003440      0x1e8 C:/msys2/opt/devkitpro/libnx/lib\libnx.a(fs.o)
                0x0000000000003440                fsFsGetEntryType
 *fill*         0x0000000000003628        0x8 
 .text.fsFsOpenFile
                0x0000000000003630        0x8 C:/msys2/opt/devkitpro/libnx/lib\libnx.a(fs.o)
                0x0000000000003630                fsFsOpenFile
 *fill*         0x0000000000003638        0x8 
 .text.fsFsOpenDirectory
                0x0000000000003640        0x8 C:/msys2/opt/devkitpro/libnx/lib\libnx.a(fs.o)
                0x0000000000003640                fsFsOpenDirectory
 *fill*         0x0000000000003648        0x8 
 .text.fsFsGetFreeSpace
                0x0000000000003650        0x8 C:/msys2/opt/devkitpro/libnx/lib\libnx.a(fs.o)
                0x0000000000003650                fsFsGetFreeSpace
 *fill*         0x0000000000003658        0x8 
 .text.fsFsGetTotalSpace
                0x0000000000003660        0x8 C:/msys2/opt/devkitpro/libnx/lib\libnx.a(fs.o)
                0x0000000000003660                fsFsGetTotalSpace
 *fill*         0x0000000000003668        0x8 
 .text.fsFsGetFileTimeStampRaw
                0x0000000000003670      0x22c C:/msys2/opt/devkitpro/libnx/lib\libnx.a(fs.o)
                0x0000000000003670                fsFsGetFileTimeStampRaw
 *fill*         0x000000000000389c        0x4 
 .text.fsFsClose
                0x00000000000038a0        0x4 C:/msys2/opt/devkitpro/libnx/lib\libnx.a(fs.o)
                0x00000000000038a0                fsFsClose
 *fill*         0x00000000000038a4        0xc 
 .text.fsFileRead
                0x00000000000038b0      0x218 C:/msys2/opt/devkitpro/libnx/lib\libnx.a(fs.o)
                0x00000000000038b0                fsFileRead
 *fill*         0x0000000000003ac8        0x8 
 .text.fsFileWrite
                0x0000000000003ad0      0x208 C:/msys2/opt/devkitpro/libnx/lib\libnx.a(fs.o)
                0x0000000000003ad0                fsFileWrite
 *fill*         0x0000000000003cd8        0x8 
 .text.fsFileFlush
                0x0000000000003ce0        0x8 C:/msys2/opt/devkitpro/libnx/lib\libnx.a(fs.o)
                0x0000000000003ce0                fsFileFlush
 *fill*         0x0000000000003ce8        0x8 
 .text.fsFileSetSize
                0x0000000000003cf0      0x1e0 C:/msys2/opt/devkitpro/libnx/lib\libnx.a(fs.o)
                0x0000000000003cf0                fsFileSetSize
 .text.fsFileGetSize
                0x0000000000003ed0      0x1f0 C:/msys2/opt/devkitpro/libnx/lib\libnx.a(fs.o)
                0x0000000000003ed0                fsFileGetSize
 .text.fsFileClose
                0x00000000000040c0        0x4 C:/msys2/opt/devkitpro/libnx/lib\libnx.a(fs.o)
                0x00000000000040c0                fsFileClose
 *fill*         0x00000000000040c4        0xc 
 .text.fsDirClose
                0x00000000000040d0        0x4 C:/msys2/opt/devkitpro/libnx/lib\libnx.a(fs.o)
                0x00000000000040d0                fsDirClose
 *fill*         0x00000000000040d4        0xc 
 .text.fsDirRead
                0x00000000000040e0      0x200 C:/msys2/opt/devkitpro/libnx/lib\libnx.a(fs.o)
                0x00000000000040e0                fsDirRead
 .text.hosversionGet
                0x00000000000042e0       0x10 C:/msys2/opt/devkitpro/libnx/lib\libnx.a(hosversion.o)
                0x00000000000042e0                hosversionGet
 .text.hosversionSet
                0x00000000000042f0       0x10 C:/msys2/opt/devkitpro/libnx/lib\libnx.a(hosversion.o)
                0x00000000000042f0                hosversionSet
 .text.fsdev_link
                0x0000000000004300       0x14 C:/msys2/opt/devkitpro/libnx/lib\libnx.a(fs_dev.o)
 *fill*         0x0000000000004314        0xc 
 .text.fsdev_dirreset
                0x0000000000004320       0x14 C:/msys2/opt/devkitpro/libnx/lib\libnx.a(fs_dev.o)
 *fill*         0x0000000000004334        0xc 
 .text.fsdev_chmod
                0x0000000000004340       0x14 C:/msys2/opt/devkitpro/libnx/lib\libnx.a(fs_dev.o)
 *fill*         0x0000000000004354        0xc 
 .text.error_cmp
                0x0000000000004360       0x1c C:/msys2/opt/devkitpro/libnx/lib\libnx.a(fs_dev.o)
 *fill*         0x000000000000437c        0x4 
 .text.fsdev_translate_error
                0x0000000000004380       0x5c C:/msys2/opt/devkitpro/libnx/lib\libnx.a(fs_dev.o)
 *fill*         0x00000000000043dc        0x4 
 .text.fsdev_fsync
                0x00000000000043e0       0x40 C:/msys2/opt/devkitpro/libnx/lib\libnx.a(fs_dev.o)
 .text.fsdev_ftruncate
                0x0000000000004420       0x58 C:/msys2/opt/devkitpro/libnx/lib\libnx.a(fs_dev.o)
 *fill*         0x0000000000004478        0x8 
 .text.fsdev_dirclose
                0x0000000000004480       0x20 C:/msys2/opt/devkitpro/libnx/lib\libnx.a(fs_dev.o)
 .text.fsdev_close
                0x00000000000044a0       0x1c C:/msys2/opt/devkitpro/libnx/lib\libnx.a(fs_dev.o)
 *fill*         0x00000000000044bc        0x4 
 .text.fsdev_converttimetoutc
                0x00000000000044c0       0x80 C:/msys2/opt/devkitpro/libnx/lib\libnx.a(fs_dev.o)
 .text.fsdev_fstat
                0x0000000000004540       0xd0 C:/msys2/opt/devkitpro/libnx/lib\libnx.a(fs_dev.o)
 .text.fsdev_seek
                0x0000000000004610       0xb0 C:/msys2/opt/devkitpro/libnx/lib\libnx.a(fs_dev.o)
 .text.fsdev_read_safe.isra.0
                0x00000000000046c0      0x10c C:/msys2/opt/devkitpro/libnx/lib\libnx.a(fs_dev.o)
 *fill*         0x00000000000047cc        0x4 
 .text.fsdev_read
                0x00000000000047d0       0xc4 C:/msys2/opt/devkitpro/libnx/lib\libnx.a(fs_dev.o)
 *fill*         0x0000000000004894        0xc 
 .text.fsdev_write_safe.isra.0
                0x00000000000048a0       0xfc C:/msys2/opt/devkitpro/libnx/lib\libnx.a(fs_dev.o)
 *fill*         0x000000000000499c        0x4 
 .text.fsdev_write
                0x00000000000049a0       0xe0 C:/msys2/opt/devkitpro/libnx/lib\libnx.a(fs_dev.o)
 .text.fsdevFindDevice.part.0
                0x0000000000004a80       0xb8 C:/msys2/opt/devkitpro/libnx/lib\libnx.a(fs_dev.o)
 *fill*         0x0000000000004b38        0x8 
 .text.fsdev_getfspath
                0x0000000000004b40      0x214 C:/msys2/opt/devkitpro/libnx/lib\libnx.a(fs_dev.o)
 *fill*         0x0000000000004d54        0xc 
 .text.fsdev_rmdir
                0x0000000000004d60       0x78 C:/msys2/opt/devkitpro/libnx/lib\libnx.a(fs_dev.o)
 *fill*         0x0000000000004dd8        0x8 
 .text.fsdev_statvfs
                0x0000000000004de0       0xcc C:/msys2/opt/devkitpro/libnx/lib\libnx.a(fs_dev.o)
 *fill*         0x0000000000004eac        0x4 
 .text.fsdev_diropen
                0x0000000000004eb0       0xf0 C:/msys2/opt/devkitpro/libnx/lib\libnx.a(fs_dev.o)
 .text.fsdev_mkdir
                0x0000000000004fa0       0x78 C:/msys2/opt/devkitpro/libnx/lib\libnx.a(fs_dev.o)
 *fill*         0x0000000000005018        0x8 
 .text.fsdev_rename
                0x0000000000005020      0x104 C:/msys2/opt/devkitpro/libnx/lib\libnx.a(fs_dev.o)
 *fill*         0x0000000000005124        0xc 
 .text.fsdev_chdir
                0x0000000000005130      0x114 C:/msys2/opt/devkitpro/libnx/lib\libnx.a(fs_dev.o)
 *fill*         0x0000000000005244        0xc 
 .text.fsdev_unlink
                0x0000000000005250       0x78 C:/msys2/opt/devkitpro/libnx/lib\libnx.a(fs_dev.o)
 *fill*         0x00000000000052c8        0x8 
 .text.fsdev_stat
                0x00000000000052d0      0x1c8 C:/msys2/opt/devkitpro/libnx/lib\libnx.a(fs_dev.o)
 *fill*         0x0000000000005498        0x8 
 .text.fsdev_open
                0x00000000000054a0      0x190 C:/msys2/opt/devkitpro/libnx/lib\libnx.a(fs_dev.o)
 .text._fsdevUnmountDeviceStruct.part.0
                0x0000000000005630       0xa8 C:/msys2/opt/devkitpro/libnx/lib\libnx.a(fs_dev.o)
 *fill*         0x00000000000056d8        0x8 
 .text.fsdev_dirnext
                0x00000000000056e0      0x180 C:/msys2/opt/devkitpro/libnx/lib\libnx.a(fs_dev.o)
 .text.fsdev_fchmod
                0x0000000000005860       0x14 C:/msys2/opt/devkitpro/libnx/lib\libnx.a(fs_dev.o)
 *fill*         0x0000000000005874        0xc 
 .text.fsdevMountDevice
                0x0000000000005880      0x1c8 C:/msys2/opt/devkitpro/libnx/lib\libnx.a(fs_dev.o)
                0x0000000000005880                fsdevMountDevice
 *fill*         0x0000000000005a48        0x8 
 .text.fsdevMountSdmc
                0x0000000000005a50       0x48 C:/msys2/opt/devkitpro/libnx/lib\libnx.a(fs_dev.o)
                0x0000000000005a50                fsdevMountSdmc
 *fill*         0x0000000000005a98        0x8 
 .text.fsdevUnmountAll
                0x0000000000005aa0       0x64 C:/msys2/opt/devkitpro/libnx/lib\libnx.a(fs_dev.o)
                0x0000000000005aa0                fsdevUnmountAll
 *fill*         0x0000000000005b04        0xc 
 .text.decode_utf8
                0x0000000000005b10      0x12c C:/msys2/opt/devkitpro/libnx/lib\libnx.a(decode_utf8.o)
                0x0000000000005b10                decode_utf8
 .text.svcUnmapMemory
                0x0000000000005c3c        0x8 C:/msys2/opt/devkitpro/libnx/lib\libnx.a(svc.o)
                0x0000000000005c3c                svcUnmapMemory
 .text.svcQueryMemory
                0x0000000000005c44       0x14 C:/msys2/opt/devkitpro/libnx/lib\libnx.a(svc.o)
                0x0000000000005c44                svcQueryMemory
 .text.svcExitProcess
                0x0000000000005c58        0x8 C:/msys2/opt/devkitpro/libnx/lib\libnx.a(svc.o)
                0x0000000000005c58                svcExitProcess
 .text.svcSleepThread
                0x0000000000005c60        0x8 C:/msys2/opt/devkitpro/libnx/lib\libnx.a(svc.o)
                0x0000000000005c60                svcSleepThread
 .text.svcMapSharedMemory
                0x0000000000005c68        0x8 C:/msys2/opt/devkitpro/libnx/lib\libnx.a(svc.o)
                0x0000000000005c68                svcMapSharedMemory
 .text.svcUnmapSharedMemory
                0x0000000000005c70        0x8 C:/msys2/opt/devkitpro/libnx/lib\libnx.a(svc.o)
                0x0000000000005c70                svcUnmapSharedMemory
 .text.svcCloseHandle
                0x0000000000005c78        0x8 C:/msys2/opt/devkitpro/libnx/lib\libnx.a(svc.o)
                0x0000000000005c78                svcCloseHandle
 .text.svcArbitrateLock
                0x0000000000005c80        0x8 C:/msys2/opt/devkitpro/libnx/lib\libnx.a(svc.o)
                0x0000000000005c80                svcArbitrateLock
 .text.svcArbitrateUnlock
                0x0000000000005c88        0x8 C:/msys2/opt/devkitpro/libnx/lib\libnx.a(svc.o)
                0x0000000000005c88                svcArbitrateUnlock
 .text.svcWaitProcessWideKeyAtomic
                0x0000000000005c90        0x8 C:/msys2/opt/devkitpro/libnx/lib\libnx.a(svc.o)
                0x0000000000005c90                svcWaitProcessWideKeyAtomic
 .text.svcSignalProcessWideKey
                0x0000000000005c98        0x8 C:/msys2/opt/devkitpro/libnx/lib\libnx.a(svc.o)
                0x0000000000005c98                svcSignalProcessWideKey
 .text.svcConnectToNamedPort
                0x0000000000005ca0       0x14 C:/msys2/opt/devkitpro/libnx/lib\libnx.a(svc.o)
                0x0000000000005ca0                svcConnectToNamedPort
 .text.svcSendSyncRequest
                0x0000000000005cb4        0x8 C:/msys2/opt/devkitpro/libnx/lib\libnx.a(svc.o)
                0x0000000000005cb4                svcSendSyncRequest
 .text.svcBreak
                0x0000000000005cbc        0x8 C:/msys2/opt/devkitpro/libnx/lib\libnx.a(svc.o)
                0x0000000000005cbc                svcBreak
 .text.svcReturnFromException
                0x0000000000005cc4        0x8 C:/msys2/opt/devkitpro/libnx/lib\libnx.a(svc.o)
                0x0000000000005cc4                svcReturnFromException
 .text.svcGetInfo
                0x0000000000005ccc       0x14 C:/msys2/opt/devkitpro/libnx/lib\libnx.a(svc.o)
                0x0000000000005ccc                svcGetInfo
 .text.svcUnmapTransferMemory
                0x0000000000005ce0        0x8 C:/msys2/opt/devkitpro/libnx/lib\libnx.a(svc.o)
                0x0000000000005ce0                svcUnmapTransferMemory
 .text.__aarch64_read_tp
                0x0000000000005ce8        0xc C:/msys2/opt/devkitpro/libnx/lib\libnx.a(readtp.o)
                0x0000000000005ce8                __aarch64_read_tp
 *fill*         0x0000000000005cf4        0xc 
 .text.detectKernelVersion
                0x0000000000005d00      0x17c C:/msys2/opt/devkitpro/libnx/lib\libnx.a(detect.o)
                0x0000000000005d00                detectKernelVersion
 *fill*         0x0000000000005e7c        0x4 
 .text.detectDebugger
                0x0000000000005e80       0x30 C:/msys2/opt/devkitpro/libnx/lib\libnx.a(detect.o)
                0x0000000000005e80                detectDebugger
 .text.shmemLoadRemote
                0x0000000000005eb0       0x14 C:/msys2/opt/devkitpro/libnx/lib\libnx.a(shmem.o)
                0x0000000000005eb0                shmemLoadRemote
 *fill*         0x0000000000005ec4        0xc 
 .text.shmemMap
                0x0000000000005ed0       0x84 C:/msys2/opt/devkitpro/libnx/lib\libnx.a(shmem.o)
                0x0000000000005ed0                shmemMap
 *fill*         0x0000000000005f54        0xc 
 .text.shmemUnmap
                0x0000000000005f60       0x58 C:/msys2/opt/devkitpro/libnx/lib\libnx.a(shmem.o)
                0x0000000000005f60                shmemUnmap
 *fill*         0x0000000000005fb8        0x8 
 .text.shmemClose
                0x0000000000005fc0       0x44 C:/msys2/opt/devkitpro/libnx/lib\libnx.a(shmem.o)
                0x0000000000005fc0                shmemClose
 *fill*         0x0000000000006004        0xc 
 .text.rwlockWriteLock
                0x0000000000006010       0xa4 C:/msys2/opt/devkitpro/libnx/lib\libnx.a(rwlock.o)
                0x0000000000006010                rwlockWriteLock
 *fill*         0x00000000000060b4        0xc 
 .text.rwlockWriteUnlock
                0x00000000000060c0       0x78 C:/msys2/opt/devkitpro/libnx/lib\libnx.a(rwlock.o)
                0x00000000000060c0                rwlockWriteUnlock
 *fill*         0x0000000000006138        0x8 
 .text.tmemUnmap
                0x0000000000006140       0x58 C:/msys2/opt/devkitpro/libnx/lib\libnx.a(tmem.o)
                0x0000000000006140                tmemUnmap
 *fill*         0x0000000000006198        0x8 
 .text.tmemClose
                0x00000000000061a0       0x68 C:/msys2/opt/devkitpro/libnx/lib\libnx.a(tmem.o)
                0x00000000000061a0                tmemClose
 *fill*         0x0000000000006208        0x8 
 .text.mutexLock
                0x0000000000006210       0x8c C:/msys2/opt/devkitpro/libnx/lib\libnx.a(mutex.o)
                0x0000000000006210                mutexLock
 *fill*         0x000000000000629c        0x4 
 .text.mutexUnlock
                0x00000000000062a0       0x30 C:/msys2/opt/devkitpro/libnx/lib\libnx.a(mutex.o)
                0x00000000000062a0                mutexUnlock
 .text.rmutexLock
                0x00000000000062d0       0x4c C:/msys2/opt/devkitpro/libnx/lib\libnx.a(mutex.o)
                0x00000000000062d0                rmutexLock
 *fill*         0x000000000000631c        0x4 
 .text.rmutexUnlock
                0x0000000000006320       0x1c C:/msys2/opt/devkitpro/libnx/lib\libnx.a(mutex.o)
                0x0000000000006320                rmutexUnlock
 *fill*         0x000000000000633c        0x4 
 .text._GetRegionFromInfo.isra.0
                0x0000000000006340       0x7c C:/msys2/opt/devkitpro/libnx/lib\libnx.a(virtmem.o)
 *fill*         0x00000000000063bc        0x4 
 .text.virtmemSetup
                0x00000000000063c0      0x114 C:/msys2/opt/devkitpro/libnx/lib\libnx.a(virtmem.o)
                0x00000000000063c0                virtmemSetup
 *fill*         0x00000000000064d4        0xc 
 .text.virtmemReserve
                0x00000000000064e0      0x124 C:/msys2/opt/devkitpro/libnx/lib\libnx.a(virtmem.o)
                0x00000000000064e0                virtmemReserve
 *fill*         0x0000000000006604        0xc 
 .text.virtmemFree
                0x0000000000006610        0x4 C:/msys2/opt/devkitpro/libnx/lib\libnx.a(virtmem.o)
                0x0000000000006610                virtmemFree
 *fill*         0x0000000000006614        0xc 
 .text.condvarWaitTimeout
                0x0000000000006620       0x60 C:/msys2/opt/devkitpro/libnx/lib\libnx.a(condvar.o)
                0x0000000000006620                condvarWaitTimeout
 .text.sessionmgrCreate
                0x0000000000006680      0x180 C:/msys2/opt/devkitpro/libnx/lib\libnx.a(sessionmgr.o)
                0x0000000000006680                sessionmgrCreate
 .text.sessionmgrClose
                0x0000000000006800       0x84 C:/msys2/opt/devkitpro/libnx/lib\libnx.a(sessionmgr.o)
                0x0000000000006800                sessionmgrClose
 *fill*         0x0000000000006884        0xc 
 .text.sessionmgrAttachClient
                0x0000000000006890       0xa4 C:/msys2/opt/devkitpro/libnx/lib\libnx.a(sessionmgr.o)
                0x0000000000006890                sessionmgrAttachClient
 *fill*         0x0000000000006934        0xc 
 .text.sessionmgrDetachClient
                0x0000000000006940       0x74 C:/msys2/opt/devkitpro/libnx/lib\libnx.a(sessionmgr.o)
                0x0000000000006940                sessionmgrDetachClient
 *fill*         0x00000000000069b4        0xc 
 .text.appletGetAppletResourceUserId
                0x00000000000069c0       0x28 C:/msys2/opt/devkitpro/libnx/lib\libnx.a(applet.o)
                0x00000000000069c0                appletGetAppletResourceUserId
 *fill*         0x00000000000069e8        0x8 
 .text.timeToPosixTimeWithMyRule
                0x00000000000069f0      0x100 C:/msys2/opt/devkitpro/libnx/lib\libnx.a(time.o)
                0x00000000000069f0                timeToPosixTimeWithMyRule
 .text.__nx_dynamic
                0x0000000000006af0       0xa0 C:/msys2/opt/devkitpro/libnx/lib\libnx.a(dynamic.o)
                0x0000000000006af0                __nx_dynamic
 .text.__libnx_init
                0x0000000000006b90       0x28 C:/msys2/opt/devkitpro/libnx/lib\libnx.a(init.o)
                0x0000000000006b90                __libnx_init
 *fill*         0x0000000000006bb8        0x8 
 .text.__libnx_exit
                0x0000000000006bc0       0x20 C:/msys2/opt/devkitpro/libnx/lib\libnx.a(init.o)
                0x0000000000006bc0                __libnx_exit
 .text.envSetup
                0x0000000000006be0      0x234 C:/msys2/opt/devkitpro/libnx/lib\libnx.a(env.o)
                0x0000000000006be0                envSetup
 *fill*         0x0000000000006e14        0xc 
 .text.envGetMainThreadHandle
                0x0000000000006e20       0x20 C:/msys2/opt/devkitpro/libnx/lib\libnx.a(env.o)
                0x0000000000006e20                envGetMainThreadHandle
 .text.envIsNso
                0x0000000000006e40        0xc C:/msys2/opt/devkitpro/libnx/lib\libnx.a(env.o)
                0x0000000000006e40                envIsNso
 *fill*         0x0000000000006e4c        0x4 
 .text.envHasArgv
                0x0000000000006e50       0x14 C:/msys2/opt/devkitpro/libnx/lib\libnx.a(env.o)
                0x0000000000006e50                envHasArgv
 *fill*         0x0000000000006e64        0xc 
 .text.envGetArgv
                0x0000000000006e70        0xc C:/msys2/opt/devkitpro/libnx/lib\libnx.a(env.o)
                0x0000000000006e70                envGetArgv
 *fill*         0x0000000000006e7c        0x4 
 .text.envGetExitFuncPtr
                0x0000000000006e80        0xc C:/msys2/opt/devkitpro/libnx/lib\libnx.a(env.o)
                0x0000000000006e80                envGetExitFuncPtr
 *fill*         0x0000000000006e8c        0x4 
 .text.__syscall_exit
                0x0000000000006e90       0x1c C:/msys2/opt/devkitpro/libnx/lib\libnx.a(newlib.o)
                0x0000000000006e90                __syscall_exit
 *fill*         0x0000000000006eac        0x4 
 .text.__syscall_getreent
                0x0000000000006eb0       0x34 C:/msys2/opt/devkitpro/libnx/lib\libnx.a(newlib.o)
                0x0000000000006eb0                __syscall_getreent
 *fill*         0x0000000000006ee4        0xc 
 .text.__syscall_lock_acquire_recursive
                0x0000000000006ef0        0x4 C:/msys2/opt/devkitpro/libnx/lib\libnx.a(newlib.o)
                0x0000000000006ef0                __syscall_lock_acquire_recursive
 *fill*         0x0000000000006ef4        0xc 
 .text.__syscall_lock_release_recursive
                0x0000000000006f00        0x4 C:/msys2/opt/devkitpro/libnx/lib\libnx.a(newlib.o)
                0x0000000000006f00                __syscall_lock_release_recursive
 *fill*         0x0000000000006f04        0xc 
 .text.newlibSetup
                0x0000000000006f10       0x84 C:/msys2/opt/devkitpro/libnx/lib\libnx.a(newlib.o)
                0x0000000000006f10                newlibSetup
 *fill*         0x0000000000006f94        0xc 
 .text.argvSetup
                0x0000000000006fa0      0x328 C:/msys2/opt/devkitpro/libnx/lib\libnx.a(argv.o)
                0x0000000000006fa0                argvSetup
 .text.__libnx_exception_entry
                0x00000000000072c8      0x1c0 C:/msys2/opt/devkitpro/libnx/lib\libnx.a(exception.o)
                0x00000000000072c8                __libnx_exception_entry
 .text.__libnx_exception_returnentry
                0x0000000000007488       0x18 C:/msys2/opt/devkitpro/libnx/lib\libnx.a(exception.o)
                0x0000000000007488                __libnx_exception_returnentry
 .text.nxlinkSetup
                0x00000000000074a0       0xc4 C:/msys2/opt/devkitpro/libnx/lib\libnx.a(nxlink.o)
                0x00000000000074a0                nxlinkSetup
 *fill*         0x0000000000007564        0x4 
 .text.bsearch  0x0000000000007568       0xb8 c:/msys2/opt/devkitpro/devkita64/bin/../lib/gcc/aarch64-none-elf/9.2.0/../../../../aarch64-none-elf/lib/pic\libg.a(lib_a-bsearch.o)
                0x0000000000007568                bsearch
 .text.__libc_fini_array
                0x0000000000007620       0x4c c:/msys2/opt/devkitpro/devkita64/bin/../lib/gcc/aarch64-none-elf/9.2.0/../../../../aarch64-none-elf/lib/pic\libg.a(lib_a-fini.o)
                0x0000000000007620                __libc_fini_array
 *fill*         0x000000000000766c        0x4 
 .text.gmtime   0x0000000000007670       0x2c c:/msys2/opt/devkitpro/devkita64/bin/../lib/gcc/aarch64-none-elf/9.2.0/../../../../aarch64-none-elf/lib/pic\libg.a(lib_a-gmtime.o)
                0x0000000000007670                gmtime
 *fill*         0x000000000000769c        0x4 
 .text.gmtime_r
                0x00000000000076a0      0x29c c:/msys2/opt/devkitpro/devkita64/bin/../lib/gcc/aarch64-none-elf/9.2.0/../../../../aarch64-none-elf/lib/pic\libg.a(lib_a-gmtime_r.o)
                0x00000000000076a0                gmtime_r
 *fill*         0x000000000000793c        0x4 
 .text.__libc_init_array
                0x0000000000007940       0x9c c:/msys2/opt/devkitpro/devkita64/bin/../lib/gcc/aarch64-none-elf/9.2.0/../../../../aarch64-none-elf/lib/pic\libg.a(lib_a-init.o)
                0x0000000000007940                __libc_init_array
 *fill*         0x00000000000079dc        0x4 
 .text.malloc   0x00000000000079e0       0x24 c:/msys2/opt/devkitpro/devkita64/bin/../lib/gcc/aarch64-none-elf/9.2.0/../../../../aarch64-none-elf/lib/pic\libg.a(lib_a-malloc.o)
                0x00000000000079e0                malloc
 *fill*         0x0000000000007a04        0x4 
 .text.free     0x0000000000007a08       0x24 c:/msys2/opt/devkitpro/devkita64/bin/../lib/gcc/aarch64-none-elf/9.2.0/../../../../aarch64-none-elf/lib/pic\libg.a(lib_a-malloc.o)
                0x0000000000007a08                free
 *fill*         0x0000000000007a2c        0x4 
 .text._malloc_r
                0x0000000000007a30      0x874 c:/msys2/opt/devkitpro/devkita64/bin/../lib/gcc/aarch64-none-elf/9.2.0/../../../../aarch64-none-elf/lib/pic\libg.a(lib_a-mallocr.o)
                0x0000000000007a30                _malloc_r
 *fill*         0x00000000000082a4       0x1c 
 .text          0x00000000000082c0      0x16c c:/msys2/opt/devkitpro/devkita64/bin/../lib/gcc/aarch64-none-elf/9.2.0/../../../../aarch64-none-elf/lib/pic\libg.a(lib_a-memcpy.o)
                0x00000000000082c0                memcpy
 *fill*         0x000000000000842c       0x14 
 .text          0x0000000000008440      0x1dc c:/msys2/opt/devkitpro/devkita64/bin/../lib/gcc/aarch64-none-elf/9.2.0/../../../../aarch64-none-elf/lib/pic\libg.a(lib_a-memset.o)
                0x0000000000008440                memset
 *fill*         0x000000000000861c        0x4 
 .text.__malloc_lock
                0x0000000000008620        0xc c:/msys2/opt/devkitpro/devkita64/bin/../lib/gcc/aarch64-none-elf/9.2.0/../../../../aarch64-none-elf/lib/pic\libg.a(lib_a-mlock.o)
                0x0000000000008620                __malloc_lock
 *fill*         0x000000000000862c        0x4 
 .text.__malloc_unlock
                0x0000000000008630        0xc c:/msys2/opt/devkitpro/devkita64/bin/../lib/gcc/aarch64-none-elf/9.2.0/../../../../aarch64-none-elf/lib/pic\libg.a(lib_a-mlock.o)
                0x0000000000008630                __malloc_unlock
 .text          0x000000000000863c       0xdc c:/msys2/opt/devkitpro/devkita64/bin/../lib/gcc/aarch64-none-elf/9.2.0/../../../../aarch64-none-elf/lib/pic\libg.a(lib_a-strchr.o)
                0x000000000000863c                strchr
 *fill*         0x0000000000008718       0x28 
 .text          0x0000000000008740       0xe4 c:/msys2/opt/devkitpro/devkita64/bin/../lib/gcc/aarch64-none-elf/9.2.0/../../../../aarch64-none-elf/lib/pic\libg.a(lib_a-strcmp.o)
                0x0000000000008740                strcmp
 *fill*         0x0000000000008824       0x1c 
 .text          0x0000000000008840      0x140 c:/msys2/opt/devkitpro/devkita64/bin/../lib/gcc/aarch64-none-elf/9.2.0/../../../../aarch64-none-elf/lib/pic\libg.a(lib_a-strlen.o)
                0x0000000000008840                strlen
 .text.strncat  0x0000000000008980       0x84 c:/msys2/opt/devkitpro/devkita64/bin/../lib/gcc/aarch64-none-elf/9.2.0/../../../../aarch64-none-elf/lib/pic\libg.a(lib_a-strncat.o)
                0x0000000000008980                strncat
 *fill*         0x0000000000008a04       0x3c 
 .text          0x0000000000008a40      0x1d4 c:/msys2/opt/devkitpro/devkita64/bin/../lib/gcc/aarch64-none-elf/9.2.0/../../../../aarch64-none-elf/lib/pic\libg.a(lib_a-strncmp.o)
                0x0000000000008a5c                strncmp
 *fill*         0x0000000000008c14        0x4 
 .text.strncpy  0x0000000000008c18       0x9c c:/msys2/opt/devkitpro/devkita64/bin/../lib/gcc/aarch64-none-elf/9.2.0/../../../../aarch64-none-elf/lib/pic\libg.a(lib_a-strncpy.o)
                0x0000000000008c18                strncpy
 *fill*         0x0000000000008cb4        0xc 
 .text          0x0000000000008cc0       0xe0 c:/msys2/opt/devkitpro/devkita64/bin/../lib/gcc/aarch64-none-elf/9.2.0/../../../../aarch64-none-elf/lib/pic\libg.a(lib_a-strnlen.o)
                0x0000000000008ce4                strnlen
 .text._strtoul_l.isra.0
                0x0000000000008da0      0x1ac c:/msys2/opt/devkitpro/devkita64/bin/../lib/gcc/aarch64-none-elf/9.2.0/../../../../aarch64-none-elf/lib/pic\libg.a(lib_a-strtoul.o)
 *fill*         0x0000000000008f4c        0x4 
 .text.strtoul  0x0000000000008f50       0x48 c:/msys2/opt/devkitpro/devkita64/bin/../lib/gcc/aarch64-none-elf/9.2.0/../../../../aarch64-none-elf/lib/pic\libg.a(lib_a-strtoul.o)
                0x0000000000008f50                strtoul
 .text.__call_exitprocs
                0x0000000000008f98      0x12c c:/msys2/opt/devkitpro/devkita64/bin/../lib/gcc/aarch64-none-elf/9.2.0/../../../../aarch64-none-elf/lib/pic\libg.a(lib_a-__call_atexit.o)
                0x0000000000008f98                __call_exitprocs
 *fill*         0x00000000000090c4        0x4 
 .text._malloc_trim_r
                0x00000000000090c8      0x118 c:/msys2/opt/devkitpro/devkita64/bin/../lib/gcc/aarch64-none-elf/9.2.0/../../../../aarch64-none-elf/lib/pic\libg.a(lib_a-freer.o)
                0x00000000000090c8                _malloc_trim_r
 .text._free_r  0x00000000000091e0      0x300 c:/msys2/opt/devkitpro/devkita64/bin/../lib/gcc/aarch64-none-elf/9.2.0/../../../../aarch64-none-elf/lib/pic\libg.a(lib_a-freer.o)
                0x00000000000091e0                _free_r
 .text.null_write
                0x00000000000094e0        0x8 c:/msys2/opt/devkitpro/devkita64/bin/../lib/gcc/aarch64-none-elf/9.2.0/../../../../aarch64-none-elf/lib/pic\libsysbase.a(iosupport.o)
 .text.setDefaultDevice
                0x00000000000094e8       0x18 c:/msys2/opt/devkitpro/devkita64/bin/../lib/gcc/aarch64-none-elf/9.2.0/../../../../aarch64-none-elf/lib/pic\libsysbase.a(iosupport.o)
                0x00000000000094e8                setDefaultDevice
 .text.FindDevice
                0x0000000000009500      0x108 c:/msys2/opt/devkitpro/devkita64/bin/../lib/gcc/aarch64-none-elf/9.2.0/../../../../aarch64-none-elf/lib/pic\libsysbase.a(iosupport.o)
                0x0000000000009500                FindDevice
 .text.RemoveDevice
                0x0000000000009608       0x34 c:/msys2/opt/devkitpro/devkita64/bin/../lib/gcc/aarch64-none-elf/9.2.0/../../../../aarch64-none-elf/lib/pic\libsysbase.a(iosupport.o)
                0x0000000000009608                RemoveDevice
 *fill*         0x000000000000963c        0x4 
 .text.AddDevice
                0x0000000000009640       0xdc c:/msys2/opt/devkitpro/devkita64/bin/../lib/gcc/aarch64-none-elf/9.2.0/../../../../aarch64-none-elf/lib/pic\libsysbase.a(iosupport.o)
                0x0000000000009640                AddDevice
 *fill*         0x000000000000971c        0x4 
 .text.GetDeviceOpTab
                0x0000000000009720       0x34 c:/msys2/opt/devkitpro/devkita64/bin/../lib/gcc/aarch64-none-elf/9.2.0/../../../../aarch64-none-elf/lib/pic\libsysbase.a(iosupport.o)
                0x0000000000009720                GetDeviceOpTab
 *fill*         0x0000000000009754        0x4 
 .text._sbrk_r  0x0000000000009758       0x78 c:/msys2/opt/devkitpro/devkita64/bin/../lib/gcc/aarch64-none-elf/9.2.0/../../../../aarch64-none-elf/lib/pic\libsysbase.a(sbrk.o)
                0x0000000000009758                _sbrk_r
 .text._exit    0x00000000000097d0       0x20 c:/msys2/opt/devkitpro/devkita64/bin/../lib/gcc/aarch64-none-elf/9.2.0/../../../../aarch64-none-elf/lib/pic\libsysbase.a(_exit.o)
                0x00000000000097d0                _exit
 .text.__libc_lock_acquire_recursive
                0x00000000000097f0       0x14 c:/msys2/opt/devkitpro/devkita64/bin/../lib/gcc/aarch64-none-elf/9.2.0/../../../../aarch64-none-elf/lib/pic\libsysbase.a(locks.o)
                0x00000000000097f0                __libc_lock_acquire_recursive
 *fill*         0x0000000000009804        0x4 
 .text.__libc_lock_release_recursive
                0x0000000000009808       0x14 c:/msys2/opt/devkitpro/devkita64/bin/../lib/gcc/aarch64-none-elf/9.2.0/../../../../aarch64-none-elf/lib/pic\libsysbase.a(locks.o)
                0x0000000000009808                __libc_lock_release_recursive
 *fill*         0x000000000000981c        0x4 
 .text.__getreent
                0x0000000000009820       0x20 c:/msys2/opt/devkitpro/devkita64/bin/../lib/gcc/aarch64-none-elf/9.2.0/../../../../aarch64-none-elf/lib/pic\libsysbase.a(getreent.o)
                0x0000000000009820                __getreent
                0x0000000000009840                . = ALIGN (0x8)

.fini           0x0000000000009840       0x38
 *(.fini)
 .fini          0x0000000000009840       0x18 c:/msys2/opt/devkitpro/devkita64/bin/../lib/gcc/aarch64-none-elf/9.2.0/pic/crti.o
                0x0000000000009840                _fini
 .fini          0x0000000000009858       0x1c c:/msys2/opt/devkitpro/devkita64/bin/../lib/gcc/aarch64-none-elf/9.2.0/pic/crtn.o
                0x0000000000009878                . = ALIGN (0x8)
 *fill*         0x0000000000009874        0x4 
                0x000000000000a000                . = ALIGN (0x1000)
                0x000000000000a000                __rodata_start = .

.nx-module-name
                0x000000000000a000       0x13
 *(.nx-module-name)
 .nx-module-name
                0x000000000000a000       0x13 c:/msys2/opt/devkitpro/devkita64/bin/../lib/gcc/aarch64-none-elf/9.2.0/pic/crti.o

.rodata         0x000000000000a018      0x188
 *(.rodata .rodata.* .gnu.linkonce.r.*)
 .rodata        0x000000000000a018       0x24 C:/msys2/opt/devkitpro/libnx/lib\libnx.a(hid.o)
 *fill*         0x000000000000a03c        0x4 
 .rodata.smInitialize.str1.8
                0x000000000000a040        0x4 C:/msys2/opt/devkitpro/libnx/lib\libnx.a(sm.o)
 *fill*         0x000000000000a044        0x4 
 .rodata.fsdev_getfspath.str1.8
                0x000000000000a048        0x2 C:/msys2/opt/devkitpro/libnx/lib\libnx.a(fs_dev.o)
 *fill*         0x000000000000a04a        0x6 
 .rodata._fsdevUnmountDeviceStruct.part.0.str1.8
                0x000000000000a050        0x2 C:/msys2/opt/devkitpro/libnx/lib\libnx.a(fs_dev.o)
 *fill*         0x000000000000a052        0x6 
 .rodata.fsdevMountDevice.str1.8
                0x000000000000a058        0x8 C:/msys2/opt/devkitpro/libnx/lib\libnx.a(fs_dev.o)
                                         0x10 (size before relaxing)
 .rodata.fsdevMountSdmc.str1.8
                0x000000000000a060        0x5 C:/msys2/opt/devkitpro/libnx/lib\libnx.a(fs_dev.o)
 *fill*         0x000000000000a065        0x3 
 .rodata.error_table
                0x000000000000a068       0x20 C:/msys2/opt/devkitpro/libnx/lib\libnx.a(fs_dev.o)
 .rodata.nxlinkSetup.str1.8
                0x000000000000a088       0x10 C:/msys2/opt/devkitpro/libnx/lib\libnx.a(nxlink.o)
                                          0x9 (size before relaxing)
 .rodata._ctype_
                0x000000000000a098      0x101 c:/msys2/opt/devkitpro/devkita64/bin/../lib/gcc/aarch64-none-elf/9.2.0/../../../../aarch64-none-elf/lib/pic\libg.a(lib_a-ctype_.o)
                0x000000000000a098                _ctype_
 .rodata.AddDevice.str1.8
                0x000000000000a199        0x8 c:/msys2/opt/devkitpro/devkita64/bin/../lib/gcc/aarch64-none-elf/9.2.0/../../../../aarch64-none-elf/lib/pic\libsysbase.a(iosupport.o)
                0x000000000000a1a8                . = ALIGN (0x8)
 *fill*         0x000000000000a199        0x7 

.eh_frame_hdr   0x000000000000a1a0        0x0
                0x000000000000a1a0                __eh_frame_hdr_start = .
 *(.eh_frame_hdr)
 *(.eh_frame_entry .eh_frame_entry.*)
                0x000000000000a1a0                __eh_frame_hdr_end = .

.eh_frame       0x000000000000a1a0     0x2120
 *(.eh_frame)
 .eh_frame      0x000000000000a1a0       0x80 c:/msys2/opt/devkitpro/devkita64/bin/../lib/gcc/aarch64-none-elf/9.2.0/pic/crtbegin.o
 .eh_frame      0x000000000000a220       0x70 main.o
                                         0x80 (size before relaxing)
 .eh_frame      0x000000000000a290      0x230 C:/msys2/opt/devkitpro/libnx/lib\libnx.a(hid.o)
                                        0xc68 (size before relaxing)
 .eh_frame      0x000000000000a4c0       0xe0 C:/msys2/opt/devkitpro/libnx/lib\libnx.a(vi.o)
                                        0x660 (size before relaxing)
 .eh_frame      0x000000000000a5a0       0x68 C:/msys2/opt/devkitpro/libnx/lib\libnx.a(hiddbg.o)
                                        0x7a0 (size before relaxing)
 .eh_frame      0x000000000000a608       0x80 C:/msys2/opt/devkitpro/libnx/lib\libnx.a(fatal.o)
                                         0xa8 (size before relaxing)
 .eh_frame      0x000000000000a688       0xd8 C:/msys2/opt/devkitpro/libnx/lib\libnx.a(set.o)
                                       0x10e8 (size before relaxing)
 .eh_frame      0x000000000000a760      0x128 C:/msys2/opt/devkitpro/libnx/lib\libnx.a(sm.o)
                                        0x198 (size before relaxing)
 .eh_frame      0x000000000000a888      0x560 C:/msys2/opt/devkitpro/libnx/lib\libnx.a(fs.o)
                                       0x1160 (size before relaxing)
 .eh_frame      0x000000000000ade8       0x28 C:/msys2/opt/devkitpro/libnx/lib\libnx.a(hosversion.o)
                                         0x40 (size before relaxing)
 .eh_frame      0x000000000000ae10      0x6b0 C:/msys2/opt/devkitpro/libnx/lib\libnx.a(fs_dev.o)
                                        0x908 (size before relaxing)
 .eh_frame      0x000000000000b4c0       0x18 C:/msys2/opt/devkitpro/libnx/lib\libnx.a(decode_utf8.o)
                                         0x28 (size before relaxing)
 .eh_frame      0x000000000000b4d8      0x158 C:/msys2/opt/devkitpro/libnx/lib\libnx.a(svc.o)
                                        0x7e8 (size before relaxing)
 .eh_frame      0x000000000000b630       0x18 C:/msys2/opt/devkitpro/libnx/lib\libnx.a(readtp.o)
                                         0x28 (size before relaxing)
 .eh_frame      0x000000000000b648       0x68 C:/msys2/opt/devkitpro/libnx/lib\libnx.a(detect.o)
                                         0xd8 (size before relaxing)
 .eh_frame      0x000000000000b6b0       0xa0 C:/msys2/opt/devkitpro/libnx/lib\libnx.a(shmem.o)
                                         0xc8 (size before relaxing)
 .eh_frame      0x000000000000b750       0x68 C:/msys2/opt/devkitpro/libnx/lib\libnx.a(rwlock.o)
                                        0x180 (size before relaxing)
 .eh_frame      0x000000000000b7b8       0x58 C:/msys2/opt/devkitpro/libnx/lib\libnx.a(tmem.o)
                                        0x108 (size before relaxing)
 .eh_frame      0x000000000000b810       0x70 C:/msys2/opt/devkitpro/libnx/lib\libnx.a(mutex.o)
                                         0xc0 (size before relaxing)
 .eh_frame      0x000000000000b880       0xb8 C:/msys2/opt/devkitpro/libnx/lib\libnx.a(virtmem.o)
                                        0x120 (size before relaxing)
 .eh_frame      0x000000000000b938        0x0 C:/msys2/opt/devkitpro/libnx/lib\libnx.a(event.o)
                                         0xc0 (size before relaxing)
 .eh_frame      0x000000000000b938       0x30 C:/msys2/opt/devkitpro/libnx/lib\libnx.a(condvar.o)
                                         0x48 (size before relaxing)
 .eh_frame      0x000000000000b968      0x118 C:/msys2/opt/devkitpro/libnx/lib\libnx.a(sessionmgr.o)
                                        0x128 (size before relaxing)
 .eh_frame      0x000000000000ba80       0x18 C:/msys2/opt/devkitpro/libnx/lib\libnx.a(applet.o)
                                       0x3de0 (size before relaxing)
 .eh_frame      0x000000000000ba98       0x30 C:/msys2/opt/devkitpro/libnx/lib\libnx.a(time.o)
                                        0x3a0 (size before relaxing)
 .eh_frame      0x000000000000bac8        0x0 C:/msys2/opt/devkitpro/libnx/lib\libnx.a(apm.o)
                                        0x138 (size before relaxing)
 .eh_frame      0x000000000000bac8       0x18 C:/msys2/opt/devkitpro/libnx/lib\libnx.a(dynamic.o)
                                         0x30 (size before relaxing)
 .eh_frame      0x000000000000bae0       0x38 C:/msys2/opt/devkitpro/libnx/lib\libnx.a(init.o)
                                         0xb8 (size before relaxing)
 .eh_frame      0x000000000000bb18       0xb0 C:/msys2/opt/devkitpro/libnx/lib\libnx.a(env.o)
                                        0x200 (size before relaxing)
 .eh_frame      0x000000000000bbc8       0x90 C:/msys2/opt/devkitpro/libnx/lib\libnx.a(newlib.o)
                                        0x458 (size before relaxing)
 .eh_frame      0x000000000000bc58       0xa8 C:/msys2/opt/devkitpro/libnx/lib\libnx.a(argv.o)
                                         0xb8 (size before relaxing)
 .eh_frame      0x000000000000bd00       0x28 C:/msys2/opt/devkitpro/libnx/lib\libnx.a(exception.o)
                                         0x40 (size before relaxing)
 .eh_frame      0x000000000000bd28        0x0 C:/msys2/opt/devkitpro/libnx/lib\libnx.a(wait.o)
                                         0xc0 (size before relaxing)
 .eh_frame      0x000000000000bd28        0x0 C:/msys2/opt/devkitpro/libnx/lib\libnx.a(thread.o)
                                        0x220 (size before relaxing)
 .eh_frame      0x000000000000bd28       0x50 C:/msys2/opt/devkitpro/libnx/lib\libnx.a(nxlink.o)
                                         0x68 (size before relaxing)
 .eh_frame      0x000000000000bd78       0x68 c:/msys2/opt/devkitpro/devkita64/bin/../lib/gcc/aarch64-none-elf/9.2.0/../../../../aarch64-none-elf/lib/pic\libg.a(lib_a-bsearch.o)
                                         0x78 (size before relaxing)
 .eh_frame      0x000000000000bde0        0x0 c:/msys2/opt/devkitpro/devkita64/bin/../lib/gcc/aarch64-none-elf/9.2.0/../../../../aarch64-none-elf/lib/pic\libg.a(lib_a-ctype_.o)
                                         0x28 (size before relaxing)
 .eh_frame      0x000000000000bde0        0x0 c:/msys2/opt/devkitpro/devkita64/bin/../lib/gcc/aarch64-none-elf/9.2.0/../../../../aarch64-none-elf/lib/pic\libg.a(lib_a-errno.o)
                                         0x38 (size before relaxing)
 .eh_frame      0x000000000000bde0       0x20 c:/msys2/opt/devkitpro/devkita64/bin/../lib/gcc/aarch64-none-elf/9.2.0/../../../../aarch64-none-elf/lib/pic\libg.a(lib_a-exit.o)
                                         0x30 (size before relaxing)
 .eh_frame      0x000000000000be00       0x28 c:/msys2/opt/devkitpro/devkita64/bin/../lib/gcc/aarch64-none-elf/9.2.0/../../../../aarch64-none-elf/lib/pic\libg.a(lib_a-fini.o)
                                         0x38 (size before relaxing)
 .eh_frame      0x000000000000be28       0x28 c:/msys2/opt/devkitpro/devkita64/bin/../lib/gcc/aarch64-none-elf/9.2.0/../../../../aarch64-none-elf/lib/pic\libg.a(lib_a-gmtime.o)
                                         0x38 (size before relaxing)
 .eh_frame      0x000000000000be50       0x18 c:/msys2/opt/devkitpro/devkita64/bin/../lib/gcc/aarch64-none-elf/9.2.0/../../../../aarch64-none-elf/lib/pic\libg.a(lib_a-gmtime_r.o)
                                         0x28 (size before relaxing)
 .eh_frame      0x000000000000be68       0x28 c:/msys2/opt/devkitpro/devkita64/bin/../lib/gcc/aarch64-none-elf/9.2.0/../../../../aarch64-none-elf/lib/pic\libg.a(lib_a-init.o)
                                         0x40 (size before relaxing)
 .eh_frame      0x000000000000be90        0x0 c:/msys2/opt/devkitpro/devkita64/bin/../lib/gcc/aarch64-none-elf/9.2.0/../../../../aarch64-none-elf/lib/pic\libg.a(lib_a-malign.o)
                                         0x38 (size before relaxing)
 .eh_frame      0x000000000000be90        0x0 c:/msys2/opt/devkitpro/devkita64/bin/../lib/gcc/aarch64-none-elf/9.2.0/../../../../aarch64-none-elf/lib/pic\libg.a(lib_a-malignr.o)
                                         0x60 (size before relaxing)
 .eh_frame      0x000000000000be90       0x48 c:/msys2/opt/devkitpro/devkita64/bin/../lib/gcc/aarch64-none-elf/9.2.0/../../../../aarch64-none-elf/lib/pic\libg.a(lib_a-malloc.o)
                                         0x60 (size before relaxing)
 .eh_frame      0x000000000000bed8       0xd0 c:/msys2/opt/devkitpro/devkita64/bin/../lib/gcc/aarch64-none-elf/9.2.0/../../../../aarch64-none-elf/lib/pic\libg.a(lib_a-mallocr.o)
                                         0xe0 (size before relaxing)
 .eh_frame      0x000000000000bfa8       0x28 c:/msys2/opt/devkitpro/devkita64/bin/../lib/gcc/aarch64-none-elf/9.2.0/../../../../aarch64-none-elf/lib/pic\libg.a(lib_a-mlock.o)
                                         0x40 (size before relaxing)
 .eh_frame      0x000000000000bfd0        0x0 c:/msys2/opt/devkitpro/devkita64/bin/../lib/gcc/aarch64-none-elf/9.2.0/../../../../aarch64-none-elf/lib/pic\libg.a(lib_a-setenv.o)
                                         0x60 (size before relaxing)
 .eh_frame      0x000000000000bfd0        0x0 c:/msys2/opt/devkitpro/devkita64/bin/../lib/gcc/aarch64-none-elf/9.2.0/../../../../aarch64-none-elf/lib/pic\libg.a(lib_a-setenv_r.o)
                                         0xc8 (size before relaxing)
 .eh_frame      0x000000000000bfd0       0x18 c:/msys2/opt/devkitpro/devkita64/bin/../lib/gcc/aarch64-none-elf/9.2.0/../../../../aarch64-none-elf/lib/pic\libg.a(lib_a-strncat.o)
                                         0x28 (size before relaxing)
 .eh_frame      0x000000000000bfe8       0x18 c:/msys2/opt/devkitpro/devkita64/bin/../lib/gcc/aarch64-none-elf/9.2.0/../../../../aarch64-none-elf/lib/pic\libg.a(lib_a-strncpy.o)
                                         0x28 (size before relaxing)
 .eh_frame      0x000000000000c000       0x40 c:/msys2/opt/devkitpro/devkita64/bin/../lib/gcc/aarch64-none-elf/9.2.0/../../../../aarch64-none-elf/lib/pic\libg.a(lib_a-strtoul.o)
                                         0xa8 (size before relaxing)
 .eh_frame      0x000000000000c040       0x58 c:/msys2/opt/devkitpro/devkita64/bin/../lib/gcc/aarch64-none-elf/9.2.0/../../../../aarch64-none-elf/lib/pic\libg.a(lib_a-__call_atexit.o)
                                         0x70 (size before relaxing)
 .eh_frame      0x000000000000c098        0x0 c:/msys2/opt/devkitpro/devkita64/bin/../lib/gcc/aarch64-none-elf/9.2.0/../../../../aarch64-none-elf/lib/pic\libg.a(lib_a-envlock.o)
                                         0x40 (size before relaxing)
 .eh_frame      0x000000000000c098       0x90 c:/msys2/opt/devkitpro/devkita64/bin/../lib/gcc/aarch64-none-elf/9.2.0/../../../../aarch64-none-elf/lib/pic\libg.a(lib_a-freer.o)
                                         0xa0 (size before relaxing)
 .eh_frame      0x000000000000c128        0x0 c:/msys2/opt/devkitpro/devkita64/bin/../lib/gcc/aarch64-none-elf/9.2.0/../../../../aarch64-none-elf/lib/pic\libg.a(lib_a-getenv_r.o)
                                         0x90 (size before relaxing)
 .eh_frame      0x000000000000c128        0x0 c:/msys2/opt/devkitpro/devkita64/bin/../lib/gcc/aarch64-none-elf/9.2.0/../../../../aarch64-none-elf/lib/pic\libg.a(lib_a-reallocr.o)
                                        0x108 (size before relaxing)
 .eh_frame      0x000000000000c128      0x120 c:/msys2/opt/devkitpro/devkita64/bin/../lib/gcc/aarch64-none-elf/9.2.0/../../../../aarch64-none-elf/lib/pic\libsysbase.a(iosupport.o)
                                        0x130 (size before relaxing)
 .eh_frame      0x000000000000c248       0x18 c:/msys2/opt/devkitpro/devkita64/bin/../lib/gcc/aarch64-none-elf/9.2.0/../../../../aarch64-none-elf/lib/pic\libsysbase.a(sbrk.o)
                                         0x28 (size before relaxing)
 .eh_frame      0x000000000000c260       0x20 c:/msys2/opt/devkitpro/devkita64/bin/../lib/gcc/aarch64-none-elf/9.2.0/../../../../aarch64-none-elf/lib/pic\libsysbase.a(_exit.o)
                                         0x38 (size before relaxing)
 .eh_frame      0x000000000000c280        0x0 c:/msys2/opt/devkitpro/devkita64/bin/../lib/gcc/aarch64-none-elf/9.2.0/../../../../aarch64-none-elf/lib/pic\libsysbase.a(chdir.o)
                                        0x120 (size before relaxing)
 .eh_frame      0x000000000000c280       0x28 c:/msys2/opt/devkitpro/devkita64/bin/../lib/gcc/aarch64-none-elf/9.2.0/../../../../aarch64-none-elf/lib/pic\libsysbase.a(locks.o)
                                        0x178 (size before relaxing)
 .eh_frame      0x000000000000c2a8       0x14 c:/msys2/opt/devkitpro/devkita64/bin/../lib/gcc/aarch64-none-elf/9.2.0/../../../../aarch64-none-elf/lib/pic\libsysbase.a(getreent.o)
                                         0x28 (size before relaxing)
 .eh_frame      0x000000000000c2bc        0x0 c:/msys2/opt/devkitpro/devkita64/bin/../lib/gcc/aarch64-none-elf/9.2.0/../../../../aarch64-none-elf/lib/pic\libsysbase.a(clocks.o)
                                         0x78 (size before relaxing)
 .eh_frame      0x000000000000c2bc        0x4 c:/msys2/opt/devkitpro/devkita64/bin/../lib/gcc/aarch64-none-elf/9.2.0/pic/crtend.o
 *(.eh_frame.*)

.gcc_except_table
 *(.gcc_except_table .gcc_except_table.*)

.gnu_extab
 *(.gnu_extab*)

.dynamic        0x000000000000c2c0      0x160
 *(.dynamic)
 .dynamic       0x000000000000c2c0      0x160 c:/msys2/opt/devkitpro/devkita64/bin/../lib/gcc/aarch64-none-elf/9.2.0/pic/crti.o
                0x000000000000c2c0                _DYNAMIC

.dynsym         0x000000000000c420       0x48
 *(.dynsym)
 .dynsym        0x000000000000c420       0x48 c:/msys2/opt/devkitpro/devkita64/bin/../lib/gcc/aarch64-none-elf/9.2.0/pic/crti.o

.dynstr         0x000000000000c468        0x1
 *(.dynstr)
 .dynstr        0x000000000000c468        0x1 c:/msys2/opt/devkitpro/devkita64/bin/../lib/gcc/aarch64-none-elf/9.2.0/pic/crti.o

.rela.dyn       0x000000000000c470     0x2010
 *(.rela.*)
 .rela.got      0x000000000000c470      0x3a8 c:/msys2/opt/devkitpro/devkita64/bin/../lib/gcc/aarch64-none-elf/9.2.0/pic/crti.o
 .rela.plt      0x000000000000c818        0x0 c:/msys2/opt/devkitpro/devkita64/bin/../lib/gcc/aarch64-none-elf/9.2.0/pic/crti.o
 .rela.bss      0x000000000000c818        0x0 c:/msys2/opt/devkitpro/devkita64/bin/../lib/gcc/aarch64-none-elf/9.2.0/pic/crti.o
 .rela.data.rel.ro
                0x000000000000c818        0x0 c:/msys2/opt/devkitpro/devkita64/bin/../lib/gcc/aarch64-none-elf/9.2.0/pic/crti.o
 .rela.init_array
                0x000000000000c818       0x18 c:/msys2/opt/devkitpro/devkita64/bin/../lib/gcc/aarch64-none-elf/9.2.0/pic/crti.o
 .rela.fini_array
                0x000000000000c830       0x18 c:/msys2/opt/devkitpro/devkita64/bin/../lib/gcc/aarch64-none-elf/9.2.0/pic/crti.o
 .rela.ifunc    0x000000000000c848        0x0 c:/msys2/opt/devkitpro/devkita64/bin/../lib/gcc/aarch64-none-elf/9.2.0/pic/crti.o
 .rela.data.rel.ro.local.fsdev_devoptab
                0x000000000000c848      0x210 c:/msys2/opt/devkitpro/devkita64/bin/../lib/gcc/aarch64-none-elf/9.2.0/pic/crti.o
 .rela.data.rel.local._impure_ptr
                0x000000000000ca58       0x18 c:/msys2/opt/devkitpro/devkita64/bin/../lib/gcc/aarch64-none-elf/9.2.0/pic/crti.o
 .rela.data.rel.local.impure_data
                0x000000000000ca70       0x48 c:/msys2/opt/devkitpro/devkita64/bin/../lib/gcc/aarch64-none-elf/9.2.0/pic/crti.o
 .rela.data.rel.ro.local._global_impure_ptr
                0x000000000000cab8       0x18 c:/msys2/opt/devkitpro/devkita64/bin/../lib/gcc/aarch64-none-elf/9.2.0/pic/crti.o
 .rela.data.rel.__malloc_av_
                0x000000000000cad0     0x1800 c:/msys2/opt/devkitpro/devkita64/bin/../lib/gcc/aarch64-none-elf/9.2.0/pic/crti.o
 .rela.data.rel.devoptab_list
                0x000000000000e2d0      0x180 c:/msys2/opt/devkitpro/devkita64/bin/../lib/gcc/aarch64-none-elf/9.2.0/pic/crti.o
 .rela.data.rel.ro.local.dotab_stdnull
                0x000000000000e450       0x30 c:/msys2/opt/devkitpro/devkita64/bin/../lib/gcc/aarch64-none-elf/9.2.0/pic/crti.o

.interp         0x000000000000e480        0xd
 *(.interp)
 .interp        0x000000000000e480        0xd c:/msys2/opt/devkitpro/devkita64/bin/../lib/gcc/aarch64-none-elf/9.2.0/pic/crti.o

.hash           0x000000000000e490       0x18
 *(.hash)
 .hash          0x000000000000e490       0x18 c:/msys2/opt/devkitpro/devkita64/bin/../lib/gcc/aarch64-none-elf/9.2.0/pic/crti.o

.gnu.hash
 *(.gnu.hash)

.gnu.version    0x000000000000e4a8        0x0
 *(.gnu.version)
 .gnu.version   0x000000000000e4a8        0x0 c:/msys2/opt/devkitpro/devkita64/bin/../lib/gcc/aarch64-none-elf/9.2.0/pic/crti.o

.gnu.version_d  0x000000000000e4a8        0x0
 *(.gnu.version_d)
 .gnu.version_d
                0x000000000000e4a8        0x0 c:/msys2/opt/devkitpro/devkita64/bin/../lib/gcc/aarch64-none-elf/9.2.0/pic/crti.o

.gnu.version_r  0x000000000000e4a8        0x0
 *(.gnu.version_r)
 .gnu.version_r
                0x000000000000e4a8        0x0 c:/msys2/opt/devkitpro/devkita64/bin/../lib/gcc/aarch64-none-elf/9.2.0/pic/crti.o

.note.gnu.build-id
                0x000000000000e4a8       0x24
 *(.note.gnu.build-id)
 .note.gnu.build-id
                0x000000000000e4a8       0x24 c:/msys2/opt/devkitpro/devkita64/bin/../lib/gcc/aarch64-none-elf/9.2.0/pic/crti.o
                0x000000000000f000                . = ALIGN (0x1000)
                0x000000000000f000                __data_start = .

.eh_frame
 *(.eh_frame)
 *(.eh_frame.*)

.gcc_except_table
 *(.gcc_except_table .gcc_except_table.*)

.gnu_extab
 *(.gnu_extab*)

.exception_ranges
 *(.exception_ranges .exception_ranges*)

.tdata          0x000000000000f000        0x0
                0x000000000000f000                __tdata_lma = .
 *(.tdata .tdata.* .gnu.linkonce.td.*)
                0x000000000000f000                . = ALIGN (0x8)
                0x000000000000f000                __tdata_lma_end = .

.tbss           0x000000000000f000      0x410
 *(.tbss .tbss.* .gnu.linkonce.tb.*)
 .tbss.g_fsPriority
                0x000000000000f000        0x4 C:/msys2/opt/devkitpro/libnx/lib\libnx.a(fs.o)
 .tbss.fsdev_last_result
                0x000000000000f004        0x4 C:/msys2/opt/devkitpro/libnx/lib\libnx.a(fs_dev.o)
 .tbss.__nx_dev_path_buf
                0x000000000000f008      0x401 C:/msys2/opt/devkitpro/libnx/lib\libnx.a(path_buf.o)
                0x000000000000f008                __nx_dev_path_buf
 *(.tcommon)
                0x000000000000f410                . = ALIGN (0x8)
 *fill*         0x000000000000f409        0x7 

.preinit_array  0x000000000000f000        0x0
                0x000000000000f000                PROVIDE (__preinit_array_start = .)
 *(.preinit_array)
                0x000000000000f000                PROVIDE (__preinit_array_end = .)

.init_array     0x000000000000f000        0x8
                0x000000000000f000                PROVIDE (__init_array_start = .)
 *(SORT_BY_NAME(.init_array.*))
 *(.init_array)
 .init_array    0x000000000000f000        0x8 c:/msys2/opt/devkitpro/devkita64/bin/../lib/gcc/aarch64-none-elf/9.2.0/pic/crtbegin.o
                0x000000000000f008                PROVIDE (__init_array_end = .)

.fini_array     0x000000000000f008        0x8
                0x000000000000f008                PROVIDE (__fini_array_start = .)
 *(.fini_array)
 .fini_array    0x000000000000f008        0x8 c:/msys2/opt/devkitpro/devkita64/bin/../lib/gcc/aarch64-none-elf/9.2.0/pic/crtbegin.o
 *(SORT_BY_NAME(.fini_array.*))
                0x000000000000f010                PROVIDE (__fini_array_end = .)

.ctors
 *crtbegin.o(.ctors)
 *(EXCLUDE_FILE(*crtend.o) .ctors)
 *(SORT_BY_NAME(.ctors.*))
 *(.ctors)

.dtors
 *crtbegin.o(.dtors)
 *(EXCLUDE_FILE(*crtend.o) .dtors)
 *(SORT_BY_NAME(.dtors.*))
 *(.dtors)
                0x000000000000f010                __got_start__ = .

.got            0x000000000000f010      0x168
 *(.got)
 .got           0x000000000000f010      0x168 c:/msys2/opt/devkitpro/devkita64/bin/../lib/gcc/aarch64-none-elf/9.2.0/pic/crti.o
                0x000000000000f010                _GLOBAL_OFFSET_TABLE_
 *(.igot)

.got.plt        0x000000000000f178       0x18
 *(.got.plt)
 .got.plt       0x000000000000f178       0x18 c:/msys2/opt/devkitpro/devkita64/bin/../lib/gcc/aarch64-none-elf/9.2.0/pic/crti.o
 *(.igot.plt)
                0x000000000000f190                __got_end__ = .

.data           0x000000000000f190     0x1208
 *(.data .data.* .gnu.linkonce.d.*)
 .data.rel.ro   0x000000000000f190        0x0 c:/msys2/opt/devkitpro/devkita64/bin/../lib/gcc/aarch64-none-elf/9.2.0/pic/crti.o
 .data          0x000000000000f190        0xc main.o
                0x000000000000f190                nx_inner_heap_size
                0x000000000000f198                __nx_applet_type
 .data.g_viServiceType
                0x000000000000f19c        0x4 C:/msys2/opt/devkitpro/libnx/lib\libnx.a(vi.o)
 .data.__nx_fs_num_sessions
                0x000000000000f1a0        0x4 C:/msys2/opt/devkitpro/libnx/lib\libnx.a(fs.o)
                0x000000000000f1a0                __nx_fs_num_sessions
 .data.__nx_fsdev_direntry_cache_size
                0x000000000000f1a4        0x4 C:/msys2/opt/devkitpro/libnx/lib\libnx.a(fs_dev.o)
                0x000000000000f1a4                __nx_fsdev_direntry_cache_size
 .data.__nx_fsdev_support_cwd
                0x000000000000f1a8        0x1 C:/msys2/opt/devkitpro/libnx/lib\libnx.a(fs_dev.o)
                0x000000000000f1a8                __nx_fsdev_support_cwd
 *fill*         0x000000000000f1a9        0x7 
 .data.rel.ro.local.fsdev_devoptab
                0x000000000000f1b0       0xe0 C:/msys2/opt/devkitpro/libnx/lib\libnx.a(fs_dev.o)
 .data.__nx_exception_stack_size
                0x000000000000f290        0x8 C:/msys2/opt/devkitpro/libnx/lib\libnx.a(init.o)
                0x000000000000f290                __nx_exception_stack_size
 .data.rel.local._impure_ptr
                0x000000000000f298        0x8 c:/msys2/opt/devkitpro/devkita64/bin/../lib/gcc/aarch64-none-elf/9.2.0/../../../../aarch64-none-elf/lib/pic\libg.a(lib_a-impure.o)
                0x000000000000f298                _impure_ptr
 .data.rel.local.impure_data
                0x000000000000f2a0      0x768 c:/msys2/opt/devkitpro/devkita64/bin/../lib/gcc/aarch64-none-elf/9.2.0/../../../../aarch64-none-elf/lib/pic\libg.a(lib_a-impure.o)
 .data.rel.ro.local._global_impure_ptr
                0x000000000000fa08        0x8 c:/msys2/opt/devkitpro/devkita64/bin/../lib/gcc/aarch64-none-elf/9.2.0/../../../../aarch64-none-elf/lib/pic\libg.a(lib_a-impure.o)
                0x000000000000fa08                _global_impure_ptr
 .data.__malloc_sbrk_base
                0x000000000000fa10        0x8 c:/msys2/opt/devkitpro/devkita64/bin/../lib/gcc/aarch64-none-elf/9.2.0/../../../../aarch64-none-elf/lib/pic\libg.a(lib_a-mallocr.o)
                0x000000000000fa10                __malloc_sbrk_base
 .data.__malloc_trim_threshold
                0x000000000000fa18        0x8 c:/msys2/opt/devkitpro/devkita64/bin/../lib/gcc/aarch64-none-elf/9.2.0/../../../../aarch64-none-elf/lib/pic\libg.a(lib_a-mallocr.o)
                0x000000000000fa18                __malloc_trim_threshold
 .data.rel.__malloc_av_
                0x000000000000fa20      0x810 c:/msys2/opt/devkitpro/devkita64/bin/../lib/gcc/aarch64-none-elf/9.2.0/../../../../aarch64-none-elf/lib/pic\libg.a(lib_a-mallocr.o)
                0x000000000000fa20                __malloc_av_
 .data.defaultDevice
                0x0000000000010230        0x4 c:/msys2/opt/devkitpro/devkita64/bin/../lib/gcc/aarch64-none-elf/9.2.0/../../../../aarch64-none-elf/lib/pic\libsysbase.a(iosupport.o)
 *fill*         0x0000000000010234        0x4 
 .data.rel.devoptab_list
                0x0000000000010238       0x80 c:/msys2/opt/devkitpro/devkita64/bin/../lib/gcc/aarch64-none-elf/9.2.0/../../../../aarch64-none-elf/lib/pic\libsysbase.a(iosupport.o)
                0x0000000000010238                devoptab_list
 .data.rel.ro.local.dotab_stdnull
                0x00000000000102b8       0xe0 c:/msys2/opt/devkitpro/devkita64/bin/../lib/gcc/aarch64-none-elf/9.2.0/../../../../aarch64-none-elf/lib/pic\libsysbase.a(iosupport.o)
                0x00000000000102b8                dotab_stdnull
                0x0000000000010398                __bss_start__ = .

.tm_clone_table
                0x0000000000010398        0x0
 .tm_clone_table
                0x0000000000010398        0x0 c:/msys2/opt/devkitpro/devkita64/bin/../lib/gcc/aarch64-none-elf/9.2.0/pic/crtbegin.o
 .tm_clone_table
                0x0000000000010398        0x0 c:/msys2/opt/devkitpro/devkita64/bin/../lib/gcc/aarch64-none-elf/9.2.0/pic/crtend.o

.bss            0x0000000000010398    0x88cf8
 *(.dynbss)
 .dynbss        0x0000000000010398        0x0 c:/msys2/opt/devkitpro/devkita64/bin/../lib/gcc/aarch64-none-elf/9.2.0/pic/crti.o
 *(.bss .bss.* .gnu.linkonce.b.*)
 .bss.completed.8111
                0x0000000000010398        0x1 c:/msys2/opt/devkitpro/devkita64/bin/../lib/gcc/aarch64-none-elf/9.2.0/pic/crtbegin.o
 *fill*         0x0000000000010399        0x7 
 .bss.object.8116
                0x00000000000103a0       0x30 c:/msys2/opt/devkitpro/devkita64/bin/../lib/gcc/aarch64-none-elf/9.2.0/pic/crtbegin.o
 .bss           0x00000000000103d0    0x80014 main.o
                0x00000000000103d0                nx_inner_heap
                0x00000000000903d0                frameCount
                0x00000000000903d8                vsync_event
 *fill*         0x00000000000903e4        0x4 
 .bss.g_controllerDown
                0x00000000000903e8       0x50 C:/msys2/opt/devkitpro/libnx/lib\libnx.a(hid.o)
 .bss.g_controllerEntries
                0x0000000000090438      0x1e0 C:/msys2/opt/devkitpro/libnx/lib\libnx.a(hid.o)
 .bss.g_controllerHeaders
                0x0000000000090618      0x190 C:/msys2/opt/devkitpro/libnx/lib\libnx.a(hid.o)
 .bss.g_controllerHeld
                0x00000000000907a8       0x50 C:/msys2/opt/devkitpro/libnx/lib\libnx.a(hid.o)
 .bss.g_controllerLayout
                0x00000000000907f8       0x28 C:/msys2/opt/devkitpro/libnx/lib\libnx.a(hid.o)
 .bss.g_controllerMisc
                0x0000000000090820      0x500 C:/msys2/opt/devkitpro/libnx/lib\libnx.a(hid.o)
 .bss.g_controllerOld
                0x0000000000090d20       0x50 C:/msys2/opt/devkitpro/libnx/lib\libnx.a(hid.o)
 .bss.g_controllerP1AutoID
                0x0000000000090d70        0x4 C:/msys2/opt/devkitpro/libnx/lib\libnx.a(hid.o)
 *fill*         0x0000000000090d74        0x4 
 .bss.g_controllerTimestamps
                0x0000000000090d78       0x50 C:/msys2/opt/devkitpro/libnx/lib\libnx.a(hid.o)
 .bss.g_controllerUp
                0x0000000000090dc8       0x50 C:/msys2/opt/devkitpro/libnx/lib\libnx.a(hid.o)
 .bss.g_hidGuard
                0x0000000000090e18        0x8 C:/msys2/opt/devkitpro/libnx/lib\libnx.a(hid.o)
 .bss.g_hidIAppletResource
                0x0000000000090e20       0x10 C:/msys2/opt/devkitpro/libnx/lib\libnx.a(hid.o)
 .bss.g_hidLock
                0x0000000000090e30       0x20 C:/msys2/opt/devkitpro/libnx/lib\libnx.a(hid.o)
 .bss.g_hidSharedmem
                0x0000000000090e50       0x20 C:/msys2/opt/devkitpro/libnx/lib\libnx.a(hid.o)
 .bss.g_hidSrv  0x0000000000090e70       0x10 C:/msys2/opt/devkitpro/libnx/lib\libnx.a(hid.o)
 .bss.g_keyboardDown
                0x0000000000090e80       0x20 C:/msys2/opt/devkitpro/libnx/lib\libnx.a(hid.o)
 .bss.g_keyboardEntry
                0x0000000000090ea0       0x38 C:/msys2/opt/devkitpro/libnx/lib\libnx.a(hid.o)
 .bss.g_keyboardHeld
                0x0000000000090ed8       0x20 C:/msys2/opt/devkitpro/libnx/lib\libnx.a(hid.o)
 .bss.g_keyboardModDown
                0x0000000000090ef8        0x8 C:/msys2/opt/devkitpro/libnx/lib\libnx.a(hid.o)
 .bss.g_keyboardModHeld
                0x0000000000090f00        0x8 C:/msys2/opt/devkitpro/libnx/lib\libnx.a(hid.o)
 .bss.g_keyboardModOld
                0x0000000000090f08        0x8 C:/msys2/opt/devkitpro/libnx/lib\libnx.a(hid.o)
 .bss.g_keyboardModUp
                0x0000000000090f10        0x8 C:/msys2/opt/devkitpro/libnx/lib\libnx.a(hid.o)
 .bss.g_keyboardOld
                0x0000000000090f18       0x20 C:/msys2/opt/devkitpro/libnx/lib\libnx.a(hid.o)
 .bss.g_keyboardTimestamp
                0x0000000000090f38        0x8 C:/msys2/opt/devkitpro/libnx/lib\libnx.a(hid.o)
 .bss.g_keyboardUp
                0x0000000000090f40       0x20 C:/msys2/opt/devkitpro/libnx/lib\libnx.a(hid.o)
 .bss.g_mouse   0x0000000000090f60      0x400 C:/msys2/opt/devkitpro/libnx/lib\libnx.a(hid.o)
 .bss.g_mouseDown
                0x0000000000091360        0x8 C:/msys2/opt/devkitpro/libnx/lib\libnx.a(hid.o)
 .bss.g_mouseEntry
                0x0000000000091368        0x8 C:/msys2/opt/devkitpro/libnx/lib\libnx.a(hid.o)
 .bss.g_mouseHeld
                0x0000000000091370        0x8 C:/msys2/opt/devkitpro/libnx/lib\libnx.a(hid.o)
 .bss.g_mouseOld
                0x0000000000091378        0x8 C:/msys2/opt/devkitpro/libnx/lib\libnx.a(hid.o)
 .bss.g_mouseTimestamp
                0x0000000000091380        0x8 C:/msys2/opt/devkitpro/libnx/lib\libnx.a(hid.o)
 .bss.g_mouseUp
                0x0000000000091388        0x8 C:/msys2/opt/devkitpro/libnx/lib\libnx.a(hid.o)
 .bss.g_sevenSixAxisSensorBuffer
                0x0000000000091390        0x8 C:/msys2/opt/devkitpro/libnx/lib\libnx.a(hid.o)
 .bss.g_sevenSixAxisSensorTmem0
                0x0000000000091398       0x28 C:/msys2/opt/devkitpro/libnx/lib\libnx.a(hid.o)
 .bss.g_sevenSixAxisSensorTmem1
                0x00000000000913c0       0x28 C:/msys2/opt/devkitpro/libnx/lib\libnx.a(hid.o)
 .bss.g_sixaxisEnabled
                0x00000000000913e8        0xa C:/msys2/opt/devkitpro/libnx/lib\libnx.a(hid.o)
 *fill*         0x00000000000913f2        0x6 
 .bss.g_sixaxisLayouts
                0x00000000000913f8     0x4650 C:/msys2/opt/devkitpro/libnx/lib\libnx.a(hid.o)
 .bss.g_touchEntry
                0x0000000000095a48      0x298 C:/msys2/opt/devkitpro/libnx/lib\libnx.a(hid.o)
 .bss.g_touchTimestamp
                0x0000000000095ce0        0x8 C:/msys2/opt/devkitpro/libnx/lib\libnx.a(hid.o)
 .bss.g_viGuard
                0x0000000000095ce8        0x8 C:/msys2/opt/devkitpro/libnx/lib\libnx.a(vi.o)
 .bss.g_viIApplicationDisplayService
                0x0000000000095cf0       0x10 C:/msys2/opt/devkitpro/libnx/lib\libnx.a(vi.o)
 .bss.g_viIHOSBinderDriverIndirect
                0x0000000000095d00       0x10 C:/msys2/opt/devkitpro/libnx/lib\libnx.a(vi.o)
 .bss.g_viIHOSBinderDriverRelay
                0x0000000000095d10       0x10 C:/msys2/opt/devkitpro/libnx/lib\libnx.a(vi.o)
 .bss.g_viIManagerDisplayService
                0x0000000000095d20       0x10 C:/msys2/opt/devkitpro/libnx/lib\libnx.a(vi.o)
 .bss.g_viISystemDisplayService
                0x0000000000095d30       0x10 C:/msys2/opt/devkitpro/libnx/lib\libnx.a(vi.o)
 .bss.g_hiddbgGuard
                0x0000000000095d40        0x8 C:/msys2/opt/devkitpro/libnx/lib\libnx.a(hiddbg.o)
 .bss.g_hiddbgSrv
                0x0000000000095d48       0x10 C:/msys2/opt/devkitpro/libnx/lib\libnx.a(hiddbg.o)
 .bss.g_setsysGuard
                0x0000000000095d58        0x8 C:/msys2/opt/devkitpro/libnx/lib\libnx.a(set.o)
 .bss.g_setsysSrv
                0x0000000000095d60       0x10 C:/msys2/opt/devkitpro/libnx/lib\libnx.a(set.o)
 .bss.g_smGuard
                0x0000000000095d70        0x8 C:/msys2/opt/devkitpro/libnx/lib\libnx.a(sm.o)
 .bss.g_smOverrides
                0x0000000000095d78      0x180 C:/msys2/opt/devkitpro/libnx/lib\libnx.a(sm.o)
 .bss.g_smOverridesNum
                0x0000000000095ef8        0x8 C:/msys2/opt/devkitpro/libnx/lib\libnx.a(sm.o)
 .bss.g_smSrv   0x0000000000095f00       0x10 C:/msys2/opt/devkitpro/libnx/lib\libnx.a(sm.o)
 .bss.g_fsGuard
                0x0000000000095f10        0x8 C:/msys2/opt/devkitpro/libnx/lib\libnx.a(fs.o)
 .bss.g_fsSessionMgr
                0x0000000000095f18       0x54 C:/msys2/opt/devkitpro/libnx/lib\libnx.a(fs.o)
 *fill*         0x0000000000095f6c        0x4 
 .bss.g_fsSrv   0x0000000000095f70       0x10 C:/msys2/opt/devkitpro/libnx/lib\libnx.a(fs.o)
 .bss.g_hosVersion
                0x0000000000095f80        0x4 C:/msys2/opt/devkitpro/libnx/lib\libnx.a(hosversion.o)
 .bss.fsdev_fsdevice_cwd
                0x0000000000095f84        0x4 C:/msys2/opt/devkitpro/libnx/lib\libnx.a(fs_dev.o)
 .bss.fsdev_fsdevices
                0x0000000000095f88     0x2400 C:/msys2/opt/devkitpro/libnx/lib\libnx.a(fs_dev.o)
 .bss.fsdev_initialised
                0x0000000000098388        0x1 C:/msys2/opt/devkitpro/libnx/lib\libnx.a(fs_dev.o)
 *fill*         0x0000000000098389        0x3 
 .bss.g_Version
                0x000000000009838c        0x4 C:/msys2/opt/devkitpro/libnx/lib\libnx.a(detect.o)
 .bss.g_VersionCached
                0x0000000000098390        0x1 C:/msys2/opt/devkitpro/libnx/lib\libnx.a(detect.o)
 *fill*         0x0000000000098391        0x3 
 .bss.g_VersionMutex
                0x0000000000098394        0x4 C:/msys2/opt/devkitpro/libnx/lib\libnx.a(detect.o)
 .bss.g_AddressSpace
                0x0000000000098398       0x10 C:/msys2/opt/devkitpro/libnx/lib\libnx.a(virtmem.o)
 .bss.g_CurrentAddr
                0x00000000000983a8        0x8 C:/msys2/opt/devkitpro/libnx/lib\libnx.a(virtmem.o)
 .bss.g_Region  0x00000000000983b0       0x30 C:/msys2/opt/devkitpro/libnx/lib\libnx.a(virtmem.o)
 .bss.g_VirtMemMutex
                0x00000000000983e0        0x4 C:/msys2/opt/devkitpro/libnx/lib\libnx.a(virtmem.o)
 *fill*         0x00000000000983e4        0x4 
 .bss.g_appletResourceUserId
                0x00000000000983e8        0x8 C:/msys2/opt/devkitpro/libnx/lib\libnx.a(applet.o)
 .bss.g_appletSrv
                0x00000000000983f0       0x10 C:/msys2/opt/devkitpro/libnx/lib\libnx.a(applet.o)
 .bss.g_timeTimeZoneService
                0x0000000000098400       0x10 C:/msys2/opt/devkitpro/libnx/lib\libnx.a(time.o)
 .bss.__nx_exception_ignoredebug
                0x0000000000098410        0x4 C:/msys2/opt/devkitpro/libnx/lib\libnx.a(init.o)
                0x0000000000098410                __nx_exception_ignoredebug
 *fill*         0x0000000000098414        0xc 
 .bss.__nx_exception_stack
                0x0000000000098420      0x400 C:/msys2/opt/devkitpro/libnx/lib\libnx.a(init.o)
                0x0000000000098420                __nx_exception_stack
 .bss.g_hasRandomSeed
                0x0000000000098820        0x1 C:/msys2/opt/devkitpro/libnx/lib\libnx.a(env.o)
 .bss.g_isNso   0x0000000000098821        0x1 C:/msys2/opt/devkitpro/libnx/lib\libnx.a(env.o)
 *fill*         0x0000000000098822        0x2 
 .bss.g_lastLoadResult
                0x0000000000098824        0x4 C:/msys2/opt/devkitpro/libnx/lib\libnx.a(env.o)
 .bss.g_loaderInfo
                0x0000000000098828        0x8 C:/msys2/opt/devkitpro/libnx/lib\libnx.a(env.o)
 .bss.g_loaderInfoSize
                0x0000000000098830        0x8 C:/msys2/opt/devkitpro/libnx/lib\libnx.a(env.o)
 .bss.g_loaderRetAddr
                0x0000000000098838        0x8 C:/msys2/opt/devkitpro/libnx/lib\libnx.a(env.o)
 .bss.g_mainThreadHandle
                0x0000000000098840        0x4 C:/msys2/opt/devkitpro/libnx/lib\libnx.a(env.o)
 *fill*         0x0000000000098844        0x4 
 .bss.g_nextLoadArgv
                0x0000000000098848        0x8 C:/msys2/opt/devkitpro/libnx/lib\libnx.a(env.o)
 .bss.g_nextLoadPath
                0x0000000000098850        0x8 C:/msys2/opt/devkitpro/libnx/lib\libnx.a(env.o)
 .bss.g_overrideArgv
                0x0000000000098858        0x8 C:/msys2/opt/devkitpro/libnx/lib\libnx.a(env.o)
 .bss.g_overrideHeapAddr
                0x0000000000098860        0x8 C:/msys2/opt/devkitpro/libnx/lib\libnx.a(env.o)
 .bss.g_overrideHeapSize
                0x0000000000098868        0x8 C:/msys2/opt/devkitpro/libnx/lib\libnx.a(env.o)
 .bss.g_processHandle
                0x0000000000098870        0x4 C:/msys2/opt/devkitpro/libnx/lib\libnx.a(env.o)
 *fill*         0x0000000000098874        0x4 
 .bss.g_randomSeed
                0x0000000000098878       0x10 C:/msys2/opt/devkitpro/libnx/lib\libnx.a(env.o)
 .bss.g_syscallHints
                0x0000000000098888       0x10 C:/msys2/opt/devkitpro/libnx/lib\libnx.a(env.o)
 .bss.g_userIdStorage
                0x0000000000098898        0x8 C:/msys2/opt/devkitpro/libnx/lib\libnx.a(env.o)
 .bss.g_argv_empty
                0x00000000000988a0        0x8 C:/msys2/opt/devkitpro/libnx/lib\libnx.a(argv.o)
 .bss.__malloc_current_mallinfo
                0x00000000000988a8       0x28 c:/msys2/opt/devkitpro/devkita64/bin/../lib/gcc/aarch64-none-elf/9.2.0/../../../../aarch64-none-elf/lib/pic\libg.a(lib_a-mallocr.o)
                0x00000000000988a8                __malloc_current_mallinfo
 .bss.__malloc_max_sbrked_mem
                0x00000000000988d0        0x8 c:/msys2/opt/devkitpro/devkita64/bin/../lib/gcc/aarch64-none-elf/9.2.0/../../../../aarch64-none-elf/lib/pic\libg.a(lib_a-mallocr.o)
                0x00000000000988d0                __malloc_max_sbrked_mem
 .bss.__malloc_max_total_mem
                0x00000000000988d8        0x8 c:/msys2/opt/devkitpro/devkita64/bin/../lib/gcc/aarch64-none-elf/9.2.0/../../../../aarch64-none-elf/lib/pic\libg.a(lib_a-mallocr.o)
                0x00000000000988d8                __malloc_max_total_mem
 .bss.__malloc_top_pad
                0x00000000000988e0        0x8 c:/msys2/opt/devkitpro/devkita64/bin/../lib/gcc/aarch64-none-elf/9.2.0/../../../../aarch64-none-elf/lib/pic\libg.a(lib_a-mallocr.o)
                0x00000000000988e0                __malloc_top_pad
 .bss.__malloc_recursive_mutex
                0x00000000000988e8        0xc c:/msys2/opt/devkitpro/devkita64/bin/../lib/gcc/aarch64-none-elf/9.2.0/../../../../aarch64-none-elf/lib/pic\libg.a(lib_a-mlock.o)
 *fill*         0x00000000000988f4        0x4 
 .bss.__atexit_recursive_mutex
                0x00000000000988f8        0xc c:/msys2/opt/devkitpro/devkita64/bin/../lib/gcc/aarch64-none-elf/9.2.0/../../../../aarch64-none-elf/lib/pic\libg.a(lib_a-__call_atexit.o)
                0x00000000000988f8                __atexit_recursive_mutex
 *fill*         0x0000000000098904        0x4 
 .bss.heap_start.5367
                0x0000000000098908        0x8 c:/msys2/opt/devkitpro/devkita64/bin/../lib/gcc/aarch64-none-elf/9.2.0/../../../../aarch64-none-elf/lib/pic\libsysbase.a(sbrk.o)
 .bss.fake_heap_end
                0x0000000000098910        0x8 c:/msys2/opt/devkitpro/devkita64/bin/../lib/gcc/aarch64-none-elf/9.2.0/../../../../aarch64-none-elf/lib/pic\libsysbase.a(malloc_vars.o)
                0x0000000000098910                fake_heap_end
 .bss.fake_heap_start
                0x0000000000098918        0x8 c:/msys2/opt/devkitpro/devkita64/bin/../lib/gcc/aarch64-none-elf/9.2.0/../../../../aarch64-none-elf/lib/pic\libsysbase.a(malloc_vars.o)
                0x0000000000098918                fake_heap_start
 *(COMMON)
 COMMON         0x0000000000098920      0x348 C:/msys2/opt/devkitpro/libnx/lib\libnx.a(init.o)
                0x0000000000098920                __nx_exceptiondump
                0x0000000000098c60                __stack_top
 COMMON         0x0000000000098c68       0x14 C:/msys2/opt/devkitpro/libnx/lib\libnx.a(argv.o)
                0x0000000000098c68                __system_argv
                0x0000000000098c70                __system_argc
                0x0000000000098c78                __nxlink_host
                0x0000000000098c80                . = ALIGN (0x8)
 *fill*         0x0000000000098c7c        0x4 
                0x0000000000098c80                __tls_start = .
                0x0000000000099090                . = (. + (SIZEOF (.tdata) + SIZEOF (.tbss)))
 *fill*         0x0000000000098c80      0x410 
                0x0000000000099090                __tls_end = .
                0x0000000000099090                __bss_end__ = .
                0x0000000000099090                __end__ = ABSOLUTE (.)
                0x000000000009a000                . = ALIGN (0x1000)
                0x000000000009a000                __argdata__ = ABSOLUTE (.)

/DISCARD/
 *(.group .comment .note)

.stab
 *(.stab)

.stabstr
 *(.stabstr)

.stab.excl
 *(.stab.excl)

.stab.exclstr
 *(.stab.exclstr)

.stab.index
 *(.stab.index)

.stab.indexstr
 *(.stab.indexstr)

.debug
 *(.debug)

.line
 *(.line)

.debug_srcinfo
 *(.debug_srcinfo)

.debug_sfnames
 *(.debug_sfnames)

.debug_aranges  0x0000000000000000     0x44c0
 *(.debug_aranges)
 .debug_aranges
                0x0000000000000000       0x60 main.o
 .debug_aranges
                0x0000000000000060      0x4d0 C:/msys2/opt/devkitpro/libnx/lib\libnx.a(hid.o)
 .debug_aranges
                0x0000000000000530      0x210 C:/msys2/opt/devkitpro/libnx/lib\libnx.a(vi.o)
 .debug_aranges
                0x0000000000000740      0x280 C:/msys2/opt/devkitpro/libnx/lib\libnx.a(hiddbg.o)
 .debug_aranges
                0x00000000000009c0       0x60 C:/msys2/opt/devkitpro/libnx/lib\libnx.a(fatal.o)
 .debug_aranges
                0x0000000000000a20      0x760 C:/msys2/opt/devkitpro/libnx/lib\libnx.a(set.o)
 .debug_aranges
                0x0000000000001180       0xc0 C:/msys2/opt/devkitpro/libnx/lib\libnx.a(sm.o)
 .debug_aranges
                0x0000000000001240      0x5f0 C:/msys2/opt/devkitpro/libnx/lib\libnx.a(fs.o)
 .debug_aranges
                0x0000000000001830       0x40 C:/msys2/opt/devkitpro/libnx/lib\libnx.a(hosversion.o)
 .debug_aranges
                0x0000000000001870      0x2f0 C:/msys2/opt/devkitpro/libnx/lib\libnx.a(fs_dev.o)
 .debug_aranges
                0x0000000000001b60       0x30 C:/msys2/opt/devkitpro/libnx/lib\libnx.a(decode_utf8.o)
 .debug_aranges
                0x0000000000001b90      0x660 C:/msys2/opt/devkitpro/libnx/lib\libnx.a(svc.o)
 .debug_aranges
                0x00000000000021f0       0x30 C:/msys2/opt/devkitpro/libnx/lib\libnx.a(readtp.o)
 .debug_aranges
                0x0000000000002220       0x30 C:/msys2/opt/devkitpro/libnx/lib\libnx.a(switch_crt0.o)
 .debug_aranges
                0x0000000000002250       0x60 C:/msys2/opt/devkitpro/libnx/lib\libnx.a(detect.o)
 .debug_aranges
                0x00000000000022b0       0x70 C:/msys2/opt/devkitpro/libnx/lib\libnx.a(shmem.o)
 .debug_aranges
                0x0000000000002320       0xb0 C:/msys2/opt/devkitpro/libnx/lib\libnx.a(rwlock.o)
 .debug_aranges
                0x00000000000023d0       0x80 C:/msys2/opt/devkitpro/libnx/lib\libnx.a(tmem.o)
 .debug_aranges
                0x0000000000002450       0x80 C:/msys2/opt/devkitpro/libnx/lib\libnx.a(mutex.o)
 .debug_aranges
                0x00000000000024d0       0x70 C:/msys2/opt/devkitpro/libnx/lib\libnx.a(virtmem.o)
 .debug_aranges
                0x0000000000002540       0x80 C:/msys2/opt/devkitpro/libnx/lib\libnx.a(event.o)
 .debug_aranges
                0x00000000000025c0       0x30 C:/msys2/opt/devkitpro/libnx/lib\libnx.a(condvar.o)
 .debug_aranges
                0x00000000000025f0       0x60 C:/msys2/opt/devkitpro/libnx/lib\libnx.a(sessionmgr.o)
 .debug_aranges
                0x0000000000002650     0x1650 C:/msys2/opt/devkitpro/libnx/lib\libnx.a(applet.o)
 .debug_aranges
                0x0000000000003ca0      0x170 C:/msys2/opt/devkitpro/libnx/lib\libnx.a(time.o)
 .debug_aranges
                0x0000000000003e10       0xa0 C:/msys2/opt/devkitpro/libnx/lib\libnx.a(apm.o)
 .debug_aranges
                0x0000000000003eb0       0x30 C:/msys2/opt/devkitpro/libnx/lib\libnx.a(dynamic.o)
 .debug_aranges
                0x0000000000003ee0       0x70 C:/msys2/opt/devkitpro/libnx/lib\libnx.a(init.o)
 .debug_aranges
                0x0000000000003f50      0x160 C:/msys2/opt/devkitpro/libnx/lib\libnx.a(env.o)
 .debug_aranges
                0x00000000000040b0      0x1f0 C:/msys2/opt/devkitpro/libnx/lib\libnx.a(newlib.o)
 .debug_aranges
                0x00000000000042a0       0x30 C:/msys2/opt/devkitpro/libnx/lib\libnx.a(argv.o)
 .debug_aranges
                0x00000000000042d0       0x20 C:/msys2/opt/devkitpro/libnx/lib\libnx.a(path_buf.o)
 .debug_aranges
                0x00000000000042f0       0x40 C:/msys2/opt/devkitpro/libnx/lib\libnx.a(exception.o)
 .debug_aranges
                0x0000000000004330       0x60 C:/msys2/opt/devkitpro/libnx/lib\libnx.a(wait.o)
 .debug_aranges
                0x0000000000004390      0x100 C:/msys2/opt/devkitpro/libnx/lib\libnx.a(thread.o)
 .debug_aranges
                0x0000000000004490       0x30 C:/msys2/opt/devkitpro/libnx/lib\libnx.a(nxlink.o)

.debug_pubnames
 *(.debug_pubnames)

.debug_info     0x0000000000000000    0xac349
 *(.debug_info)
 .debug_info    0x0000000000000000     0x33c6 main.o
 .debug_info    0x00000000000033c6     0xe5e5 C:/msys2/opt/devkitpro/libnx/lib\libnx.a(hid.o)
 .debug_info    0x00000000000119ab     0xabee C:/msys2/opt/devkitpro/libnx/lib\libnx.a(vi.o)
 .debug_info    0x000000000001c599     0xabc4 C:/msys2/opt/devkitpro/libnx/lib\libnx.a(hiddbg.o)
 .debug_info    0x000000000002715d     0x2538 C:/msys2/opt/devkitpro/libnx/lib\libnx.a(fatal.o)
 .debug_info    0x0000000000029695    0x12364 C:/msys2/opt/devkitpro/libnx/lib\libnx.a(set.o)
 .debug_info    0x000000000003b9f9     0x37ee C:/msys2/opt/devkitpro/libnx/lib\libnx.a(sm.o)
 .debug_info    0x000000000003f1e7    0x1abc6 C:/msys2/opt/devkitpro/libnx/lib\libnx.a(fs.o)
 .debug_info    0x0000000000059dad      0x103 C:/msys2/opt/devkitpro/libnx/lib\libnx.a(hosversion.o)
 .debug_info    0x0000000000059eb0     0x4991 C:/msys2/opt/devkitpro/libnx/lib\libnx.a(fs_dev.o)
 .debug_info    0x000000000005e841      0x170 C:/msys2/opt/devkitpro/libnx/lib\libnx.a(decode_utf8.o)
 .debug_info    0x000000000005e9b1       0x22 C:/msys2/opt/devkitpro/libnx/lib\libnx.a(svc.o)
 .debug_info    0x000000000005e9d3       0x2e C:/msys2/opt/devkitpro/libnx/lib\libnx.a(readtp.o)
 .debug_info    0x000000000005ea01       0x2e C:/msys2/opt/devkitpro/libnx/lib\libnx.a(switch_crt0.o)
 .debug_info    0x000000000005ea2f     0x1040 C:/msys2/opt/devkitpro/libnx/lib\libnx.a(detect.o)
 .debug_info    0x000000000005fa6f      0xe9d C:/msys2/opt/devkitpro/libnx/lib\libnx.a(shmem.o)
 .debug_info    0x000000000006090c      0xc52 C:/msys2/opt/devkitpro/libnx/lib\libnx.a(rwlock.o)
 .debug_info    0x000000000006155e     0x1016 C:/msys2/opt/devkitpro/libnx/lib\libnx.a(tmem.o)
 .debug_info    0x0000000000062574      0x742 C:/msys2/opt/devkitpro/libnx/lib\libnx.a(mutex.o)
 .debug_info    0x0000000000062cb6      0xb5e C:/msys2/opt/devkitpro/libnx/lib\libnx.a(virtmem.o)